Archive member included to satisfy reference by file (symbol)

/Users/sreechela/devkitpro/libctru/lib/libctru.a(gfx.o)
                              main.o (gfxInitDefault)
/Users/sreechela/devkitpro/libctru/lib/libctru.a(gx.o)
                              /Users/sreechela/devkitpro/libctru/lib/libctru.a(gfx.o) (gxCmdBuf)
/Users/sreechela/devkitpro/libctru/lib/libctru.a(apt.o)
                              main.o (aptMainLoop)
/Users/sreechela/devkitpro/libctru/lib/libctru.a(gspgpu.o)
                              /Users/sreechela/devkitpro/libctru/lib/libctru.a(gfx.o) (gspInit)
/Users/sreechela/devkitpro/libctru/lib/libctru.a(hid.o)
                              main.o (hidScanInput)
/Users/sreechela/devkitpro/libctru/lib/libctru.a(irrst.o)
                              /Users/sreechela/devkitpro/libctru/lib/libctru.a(hid.o) (irrstScanInput)
/Users/sreechela/devkitpro/libctru/lib/libctru.a(initArgv.o)
                              /Users/sreechela/devkitPro/devkitARM/bin/../lib/gcc/arm-none-eabi/5.3.0/../../../../arm-none-eabi/lib/armv6k/fpu/3dsx_crt0.o (__system_argc)
/Users/sreechela/devkitpro/libctru/lib/libctru.a(initSystem.o)
                              /Users/sreechela/devkitpro/libctru/lib/libctru.a(apt.o) (__system_retAddr)
/Users/sreechela/devkitpro/libctru/lib/libctru.a(syscalls.o)
                              /Users/sreechela/devkitpro/libctru/lib/libctru.a(initSystem.o) (__system_initSyscalls)
/Users/sreechela/devkitpro/libctru/lib/libctru.a(svc.o)
                              /Users/sreechela/devkitpro/libctru/lib/libctru.a(apt.o) (svcExitProcess)
/Users/sreechela/devkitpro/libctru/lib/libctru.a(stack_adjust.o)
                              /Users/sreechela/devkitPro/devkitARM/bin/../lib/gcc/arm-none-eabi/5.3.0/../../../../arm-none-eabi/lib/armv6k/fpu/3dsx_crt0.o (initSystem)
/Users/sreechela/devkitpro/libctru/lib/libctru.a(linear.o)
                              /Users/sreechela/devkitpro/libctru/lib/libctru.a(gfx.o) (linearAlloc)
/Users/sreechela/devkitpro/libctru/lib/libctru.a(mappable.o)
                              /Users/sreechela/devkitpro/libctru/lib/libctru.a(gfx.o) (mappableAlloc)
/Users/sreechela/devkitpro/libctru/lib/libctru.a(mem_pool.o)
                              /Users/sreechela/devkitpro/libctru/lib/libctru.a(linear.o) (MemPool::Allocate(MemChunk&, unsigned long, int))
/Users/sreechela/devkitpro/libctru/lib/libctru.a(vram.o)
                              /Users/sreechela/devkitpro/libctru/lib/libctru.a(gfx.o) (vramAlloc)
/Users/sreechela/devkitpro/libctru/lib/libctru.a(env.o)
                              /Users/sreechela/devkitpro/libctru/lib/libctru.a(irrst.o) (envGetHandle)
/Users/sreechela/devkitpro/libctru/lib/libctru.a(os.o)
                              /Users/sreechela/devkitpro/libctru/lib/libctru.a(syscalls.o) (__libctru_gtod)
/Users/sreechela/devkitpro/libctru/lib/libctru.a(srv.o)
                              /Users/sreechela/devkitpro/libctru/lib/libctru.a(apt.o) (srvInit)
/Users/sreechela/devkitpro/libctru/lib/libctru.a(synchronization.o)
                              /Users/sreechela/devkitpro/libctru/lib/libctru.a(initSystem.o) (__sync_init)
/Users/sreechela/devkitpro/libctru/lib/libctru.a(thread.o)
                              /Users/sreechela/devkitpro/libctru/lib/libctru.a(apt.o) (threadCreate)
/Users/sreechela/devkitpro/libctru/lib/libctru.a(ptmsysm.o)
                              /Users/sreechela/devkitpro/libctru/lib/libctru.a(os.o) (ptmSysmInit)
/Users/sreechela/devkitpro/libctru/lib/libctru.a(rbtree_find.o)
                              /Users/sreechela/devkitpro/libctru/lib/libctru.a(linear.o) (rbtree_find)
/Users/sreechela/devkitpro/libctru/lib/libctru.a(rbtree_init.o)
                              /Users/sreechela/devkitpro/libctru/lib/libctru.a(linear.o) (rbtree_init)
/Users/sreechela/devkitpro/libctru/lib/libctru.a(rbtree_insert.o)
                              /Users/sreechela/devkitpro/libctru/lib/libctru.a(linear.o) (rbtree_insert)
/Users/sreechela/devkitpro/libctru/lib/libctru.a(rbtree_remove.o)
                              /Users/sreechela/devkitpro/libctru/lib/libctru.a(linear.o) (rbtree_remove)
/Users/sreechela/devkitpro/libctru/lib/libctru.a(rbtree_rotate.o)
                              /Users/sreechela/devkitpro/libctru/lib/libctru.a(rbtree_insert.o) (rbtree_rotate)
/Users/sreechela/devkitpro/libctru/lib/libctru.a(allocateHeaps.o)
                              /Users/sreechela/devkitpro/libctru/lib/libctru.a(initSystem.o) (__system_allocateHeaps)
/Users/sreechela/devkitpro/libctru/lib/libctru.a(appExit.o)
                              /Users/sreechela/devkitpro/libctru/lib/libctru.a(stack_adjust.o) (__appExit)
/Users/sreechela/devkitpro/libctru/lib/libctru.a(appInit.o)
                              /Users/sreechela/devkitpro/libctru/lib/libctru.a(stack_adjust.o) (__appInit)
/Users/sreechela/devkitpro/libctru/lib/libctru.a(ctru_exit.o)
[...]
Memory Configuration

Name             Origin             Length             Attributes
*default*        0x00000000         0xffffffff

Linker script and memory map

                0x00100000                . = 0x100000
                0x00100000                __start__ = .

.text           0x00100000     0x8c94
 *(.crt0)
 .crt0          0x00100000       0x94 /Users/sreechela/devkitPro/devkitARM/bin/../lib/gcc/arm-none-eabi/5.3.0/../../../../arm-none-eabi/lib/armv6k/fpu/3dsx_crt0.o
                0x00100000                _start
                0x00100008                __service_ptr
                0x0010000c                __apt_appid
                0x00100010                __heap_size
                0x00100014                __linear_heap_size
                0x00100018                __system_arglist
                0x0010001c                __system_runflags
 *(.init)
 .init          0x00100094        0xc /Users/sreechela/devkitPro/devkitARM/bin/../lib/gcc/arm-none-eabi/5.3.0/armv6k/fpu/crti.o
                0x00100094                _init
 .init          0x001000a0        0xc /Users/sreechela/devkitPro/devkitARM/bin/../lib/gcc/arm-none-eabi/5.3.0/armv6k/fpu/crtn.o
                0x001000ac                . = ALIGN (0x4)
 *(.text)
 .text          0x001000ac      0x108 /Users/sreechela/devkitPro/devkitARM/bin/../lib/gcc/arm-none-eabi/5.3.0/armv6k/fpu/crtbegin.o
 .text          0x001001b4       0x64 /Users/sreechela/devkitpro/libctru/lib/libctru.a(stack_adjust.o)
                0x001001b4                initSystem
                0x001001f8                __ctru_exit
 .text          0x00100218        0x4 /Users/sreechela/devkitPro/devkitARM/bin/../lib/gcc/arm-none-eabi/5.3.0/armv6k/fpu/libgcc.a(_dvmd_tls.o)
                0x00100218                __aeabi_ldiv0
                0x00100218                __aeabi_idiv0
 .text          0x0010021c      0x1c4 /Users/sreechela/devkitPro/devkitARM/bin/../lib/gcc/arm-none-eabi/5.3.0/../../../../arm-none-eabi/lib/armv6k/fpu/libsysbase.a(iosupport.o)
                0x00100224                setDefaultDevice
                0x0010023c                FindDevice
                0x001002f8                RemoveDevice
                0x00100324                AddDevice
                0x001003bc                GetDeviceOpTab
 .text          0x001003e0       0x70 /Users/sreechela/devkitPro/devkitARM/bin/../lib/gcc/arm-none-eabi/5.3.0/../../../../arm-none-eabi/lib/armv6k/fpu/libsysbase.a(sbrk.o)
                0x001003e0                _sbrk_r
 .text          0x00100450      0x3b0 /Users/sreechela/devkitPro/devkitARM/bin/../lib/gcc/arm-none-eabi/5.3.0/../../../../arm-none-eabi/lib/armv6k/fpu/libsysbase.a(chdir.o)
                0x00100450                _concatenate_path
                0x0010060c                chdir
                0x00100760                getcwd
 .text          0x00100800      0x108 /Users/sreechela/devkitPro/devkitARM/bin/../lib/gcc/arm-none-eabi/5.3.0/../../../../arm-none-eabi/lib/armv6k/fpu/libsysbase.a(syscall_support.o)
                0x00100800                __libc_lock_init
                0x00100818                __libc_lock_acquire
                0x00100830                __libc_lock_try_acquire
                0x00100854                __libc_lock_release
                0x0010086c                __libc_lock_close
                0x00100884                __libc_lock_init_recursive
                0x0010089c                __libc_lock_acquire_recursive
                0x001008b4                __libc_lock_try_acquire_recursive
                0x001008d8                __libc_lock_release_recursive
                0x001008f0                __libc_lock_close_recursive
 .text          0x00100908       0x28 /Users/sreechela/devkitPro/devkitARM/bin/../lib/gcc/arm-none-eabi/5.3.0/../../../../arm-none-eabi/lib/armv6k/fpu/libsysbase.a(getreent.o)
                0x00100908                __getreent
 .text          0x00100930      0x20c /Users/sreechela/devkitPro/devkitARM/bin/../lib/gcc/arm-none-eabi/5.3.0/armv6k/fpu/libgcc.a(_udivsi3.o)
                0x00100930                __udivsi3
                0x00100930                __aeabi_uidiv
                0x00100b1c                __aeabi_uidivmod
 *fill*         0x00100b3c        0x4 
 .text          0x00100b40      0x3a0 /Users/sreechela/devkitPro/devkitARM/bin/../lib/gcc/arm-none-eabi/5.3.0/../../../../arm-none-eabi/lib/armv6k/fpu/libg.a(lib_a-strcmp.o)
                0x00100b48                strcmp
 *(.text.*)
 .text.startup.main
                0x00100ee0       0x84 main.o
                0x00100ee0                main
 .text.gfxSetFramebufferInfo.part.0
                0x00100f64       0x8c /Users/sreechela/devkitpro/libctru/lib/libctru.a(gfx.o)
 .text.__get_bytes_per_pixel
                0x00100ff0       0x18 /Users/sreechela/devkitpro/libctru/lib/libctru.a(gfx.o)
                0x00100ff0                __get_bytes_per_pixel
 .text.gfxSetFramebufferInfo
                0x00101008       0x70 /Users/sreechela/devkitpro/libctru/lib/libctru.a(gfx.o)
                0x00101008                gfxSetFramebufferInfo
 .text.gfxWriteFramebufferInfo
                0x00101078       0x88 /Users/sreechela/devkitpro/libctru/lib/libctru.a(gfx.o)
                0x00101078                gfxWriteFramebufferInfo
 .text.gfxInit  0x00101100      0x1d0 /Users/sreechela/devkitpro/libctru/lib/libctru.a(gfx.o)
                0x00101100                gfxInit
 .text.gfxInitDefault
                0x001012d0       0x10 /Users/sreechela/devkitpro/libctru/lib/libctru.a(gfx.o)
                0x001012d0                gfxInitDefault
 .text.gfxExit  0x001012e0       0xe0 /Users/sreechela/devkitpro/libctru/lib/libctru.a(gfx.o)
                0x001012e0                gfxExit
 .text.gfxGetFramebuffer
                0x001013c0       0xb0 /Users/sreechela/devkitpro/libctru/lib/libctru.a(gfx.o)
                0x001013c0                gfxGetFramebuffer
 .text.gfxFlushBuffers
                0x00101470       0xcc /Users/sreechela/devkitpro/libctru/lib/libctru.a(gfx.o)
                0x00101470                gfxFlushBuffers
 .text.gfxConfigScreen
                0x0010153c       0x70 /Users/sreechela/devkitpro/libctru/lib/libctru.a(gfx.o)
                0x0010153c                gfxConfigScreen
 .text.gfxSwapBuffers
                0x001015ac       0x20 /Users/sreechela/devkitpro/libctru/lib/libctru.a(gfx.o)
                0x001015ac                gfxSwapBuffers
 .text._aptDebug
                0x001015cc        0x4 /Users/sreechela/devkitpro/libctru/lib/libctru.a(apt.o)
                0x001015cc                _aptDebug
 .text.aptSendCommand
                0x001015d0      0x12c /Users/sreechela/devkitpro/libctru/lib/libctru.a(apt.o)
                0x001015d0                aptSendCommand
 .text.aptExitProcess
                0x001016fc       0x3c /Users/sreechela/devkitpro/libctru/lib/libctru.a(apt.o)
 .text.APT_InquireNotification
                0x00101738       0x4c /Users/sreechela/devkitpro/libctru/lib/libctru.a(apt.o)
                0x00101738                APT_InquireNotification
 .text.aptEventHandler
                0x00101784      0x198 /Users/sreechela/devkitpro/libctru/lib/libctru.a(apt.o)
 .text.APT_AppletUtility
                0x0010191c       0x74 /Users/sreechela/devkitpro/libctru/lib/libctru.a(apt.o)
                0x0010191c                APT_AppletUtility
 .text.aptSetSleepAllowed
                0x00101990       0xb0 /Users/sreechela/devkitpro/libctru/lib/libctru.a(apt.o)
                0x00101990                aptSetSleepAllowed
 .text.APT_GlanceParameter
                0x00101a40       0xb4 /Users/sreechela/devkitpro/libctru/lib/libctru.a(apt.o)
                0x00101a40                APT_GlanceParameter
 .text.APT_ReceiveParameter
                0x00101af4       0xc0 /Users/sreechela/devkitpro/libctru/lib/libctru.a(apt.o)
                0x00101af4                APT_ReceiveParameter
 .text.aptReceiveParameter.constprop.1
                0x00101bb4       0xa8 /Users/sreechela/devkitpro/libctru/lib/libctru.a(apt.o)
 *fill*         0x00101c5c        0x4 
 .text.aptScreenTransfer
                0x00101c60      0x1e0 /Users/sreechela/devkitpro/libctru/lib/libctru.a(apt.o)
 .text.aptWaitForWakeUp
                0x00101e40      0x224 /Users/sreechela/devkitpro/libctru/lib/libctru.a(apt.o)
 .text.APT_CancelParameter
                0x00102064       0x70 /Users/sreechela/devkitpro/libctru/lib/libctru.a(apt.o)
                0x00102064                APT_CancelParameter
 .text.aptInit  0x001020d4      0x21c /Users/sreechela/devkitpro/libctru/lib/libctru.a(apt.o)
                0x001020d4                aptInit
 .text.aptClearParamQueue
                0x001022f0       0x88 /Users/sreechela/devkitpro/libctru/lib/libctru.a(apt.o)
 .text.aptMainLoop
                0x00102378      0x208 /Users/sreechela/devkitpro/libctru/lib/libctru.a(apt.o)
                0x00102378                aptMainLoop
 .text.aptExit  0x00102580      0x148 /Users/sreechela/devkitpro/libctru/lib/libctru.a(apt.o)
                0x00102580                aptExit
 .text.APT_CheckNew3DS
                0x001026c8       0x70 /Users/sreechela/devkitpro/libctru/lib/libctru.a(apt.o)
                0x001026c8                APT_CheckNew3DS
 .text.gspEventThreadMain
                0x00102738      0x154 /Users/sreechela/devkitpro/libctru/lib/libctru.a(gspgpu.o)
 .text.gspInit  0x0010288c       0x74 /Users/sreechela/devkitpro/libctru/lib/libctru.a(gspgpu.o)
                0x0010288c                gspInit
 .text.gspExit  0x00102900       0x3c /Users/sreechela/devkitpro/libctru/lib/libctru.a(gspgpu.o)
                0x00102900                gspExit
 .text.gspInitEventHandler
                0x0010293c       0x84 /Users/sreechela/devkitpro/libctru/lib/libctru.a(gspgpu.o)
                0x0010293c                gspInitEventHandler
 .text.gspExitEventHandler
                0x001029c0       0x30 /Users/sreechela/devkitpro/libctru/lib/libctru.a(gspgpu.o)
                0x001029c0                gspExitEventHandler
 .text.gspWaitForEvent
                0x001029f0       0x44 /Users/sreechela/devkitpro/libctru/lib/libctru.a(gspgpu.o)
                0x001029f0                gspWaitForEvent
 .text.GSPGPU_SetBufferSwap
                0x00102a34       0x6c /Users/sreechela/devkitpro/libctru/lib/libctru.a(gspgpu.o)
                0x00102a34                GSPGPU_SetBufferSwap
 .text.GSPGPU_FlushDataCache
                0x00102aa0       0x4c /Users/sreechela/devkitpro/libctru/lib/libctru.a(gspgpu.o)
                0x00102aa0                GSPGPU_FlushDataCache
 .text.GSPGPU_SetLcdForceBlack
                0x00102aec       0x34 /Users/sreechela/devkitpro/libctru/lib/libctru.a(gspgpu.o)
                0x00102aec                GSPGPU_SetLcdForceBlack
 .text.GSPGPU_RegisterInterruptRelayQueue
                0x00102b20       0x64 /Users/sreechela/devkitpro/libctru/lib/libctru.a(gspgpu.o)
                0x00102b20                GSPGPU_RegisterInterruptRelayQueue
 .text.GSPGPU_UnregisterInterruptRelayQueue
                0x00102b84       0x2c /Users/sreechela/devkitpro/libctru/lib/libctru.a(gspgpu.o)
                0x00102b84                GSPGPU_UnregisterInterruptRelayQueue
 .text.GSPGPU_AcquireRight
                0x00102bb0       0x48 /Users/sreechela/devkitpro/libctru/lib/libctru.a(gspgpu.o)
                0x00102bb0                GSPGPU_AcquireRight
 .text.GSPGPU_ReleaseRight
                0x00102bf8       0x2c /Users/sreechela/devkitpro/libctru/lib/libctru.a(gspgpu.o)
                0x00102bf8                GSPGPU_ReleaseRight
 .text.GSPGPU_ImportDisplayCaptureInfo
                0x00102c24       0x80 /Users/sreechela/devkitpro/libctru/lib/libctru.a(gspgpu.o)
                0x00102c24                GSPGPU_ImportDisplayCaptureInfo
 .text.GSPGPU_SaveVramSysArea
                0x00102ca4       0x2c /Users/sreechela/devkitpro/libctru/lib/libctru.a(gspgpu.o)
                0x00102ca4                GSPGPU_SaveVramSysArea
 .text.GSPGPU_RestoreVramSysArea
                0x00102cd0       0x2c /Users/sreechela/devkitpro/libctru/lib/libctru.a(gspgpu.o)
                0x00102cd0                GSPGPU_RestoreVramSysArea
 .text.hidExit  0x00102cfc       0xd8 /Users/sreechela/devkitpro/libctru/lib/libctru.a(hid.o)
                0x00102cfc                hidExit
 .text.hidScanInput
                0x00102dd4      0x238 /Users/sreechela/devkitpro/libctru/lib/libctru.a(hid.o)
                0x00102dd4                hidScanInput
 .text.hidKeysDown
                0x0010300c       0x10 /Users/sreechela/devkitpro/libctru/lib/libctru.a(hid.o)
                0x0010300c                hidKeysDown
 .text.HIDUSER_GetHandles
                0x0010301c       0x90 /Users/sreechela/devkitpro/libctru/lib/libctru.a(hid.o)
                0x0010301c                HIDUSER_GetHandles
 .text.hidInit  0x001030ac      0x184 /Users/sreechela/devkitpro/libctru/lib/libctru.a(hid.o)
                0x001030ac                hidInit
 .text.irrstScanInput
                0x00103230       0xb0 /Users/sreechela/devkitpro/libctru/lib/libctru.a(irrst.o)
                0x00103230                irrstScanInput
 .text.irrstKeysHeld
                0x001032e0       0x1c /Users/sreechela/devkitpro/libctru/lib/libctru.a(irrst.o)
                0x001032e0                irrstKeysHeld
 .text.IRRST_GetHandles
                0x001032fc       0x50 /Users/sreechela/devkitpro/libctru/lib/libctru.a(irrst.o)
                0x001032fc                IRRST_GetHandles
 .text.irrstInit
                0x0010334c      0x148 /Users/sreechela/devkitpro/libctru/lib/libctru.a(irrst.o)
                0x0010334c                irrstInit
 .text.IRRST_Shutdown
                0x00103494       0x2c /Users/sreechela/devkitpro/libctru/lib/libctru.a(irrst.o)
                0x00103494                IRRST_Shutdown
 .text.irrstExit
                0x001034c0       0xb0 /Users/sreechela/devkitpro/libctru/lib/libctru.a(irrst.o)
                0x001034c0                irrstExit
 .text.__system_initArgv
                0x00103570       0xf4 /Users/sreechela/devkitpro/libctru/lib/libctru.a(initArgv.o)
                0x00103570                __system_initArgv
 .text.__libctru_init
                0x00103664       0x38 /Users/sreechela/devkitpro/libctru/lib/libctru.a(initSystem.o)
                0x00103664                __libctru_init
 .text.__ctru_get_reent
                0x0010369c       0x30 /Users/sreechela/devkitpro/libctru/lib/libctru.a(syscalls.o)
 .text.__system_initSyscalls
                0x001036cc       0xe8 /Users/sreechela/devkitpro/libctru/lib/libctru.a(syscalls.o)
                0x001036cc                __system_initSyscalls
 .text.svcControlMemory
                0x001037b4       0x20 /Users/sreechela/devkitpro/libctru/lib/libctru.a(svc.o)
                0x001037b4                svcControlMemory
 .text.svcExitProcess
                0x001037d4        0x8 /Users/sreechela/devkitpro/libctru/lib/libctru.a(svc.o)
                0x001037d4                svcExitProcess
 .text.svcCreateThread
                0x001037dc       0x20 /Users/sreechela/devkitpro/libctru/lib/libctru.a(svc.o)
                0x001037dc                svcCreateThread
 .text.svcExitThread
                0x001037fc        0x8 /Users/sreechela/devkitpro/libctru/lib/libctru.a(svc.o)
                0x001037fc                svcExitThread
 .text.svcSleepThread
                0x00103804        0x8 /Users/sreechela/devkitpro/libctru/lib/libctru.a(svc.o)
                0x00103804                svcSleepThread
 .text.svcReleaseMutex
                0x0010380c        0x8 /Users/sreechela/devkitpro/libctru/lib/libctru.a(svc.o)
                0x0010380c                svcReleaseMutex
 .text.svcCreateEvent
                0x00103814       0x14 /Users/sreechela/devkitpro/libctru/lib/libctru.a(svc.o)
                0x00103814                svcCreateEvent
 .text.svcSignalEvent
                0x00103828        0x8 /Users/sreechela/devkitpro/libctru/lib/libctru.a(svc.o)
                0x00103828                svcSignalEvent
 .text.svcClearEvent
                0x00103830        0x8 /Users/sreechela/devkitpro/libctru/lib/libctru.a(svc.o)
                0x00103830                svcClearEvent
 .text.svcMapMemoryBlock
                0x00103838        0x8 /Users/sreechela/devkitpro/libctru/lib/libctru.a(svc.o)
                0x00103838                svcMapMemoryBlock
 .text.svcUnmapMemoryBlock
                0x00103840        0x8 /Users/sreechela/devkitpro/libctru/lib/libctru.a(svc.o)
                0x00103840                svcUnmapMemoryBlock
 .text.svcCreateAddressArbiter
                0x00103848       0x14 /Users/sreechela/devkitpro/libctru/lib/libctru.a(svc.o)
                0x00103848                svcCreateAddressArbiter
 .text.svcArbitrateAddress
                0x0010385c       0x18 /Users/sreechela/devkitpro/libctru/lib/libctru.a(svc.o)
                0x0010385c                svcArbitrateAddress
 .text.svcCloseHandle
                0x00103874        0x8 /Users/sreechela/devkitpro/libctru/lib/libctru.a(svc.o)
                0x00103874                svcCloseHandle
 .text.svcWaitSynchronization
                0x0010387c        0x8 /Users/sreechela/devkitpro/libctru/lib/libctru.a(svc.o)
                0x0010387c                svcWaitSynchronization
 .text.svcWaitSynchronizationN
                0x00103884       0x28 /Users/sreechela/devkitpro/libctru/lib/libctru.a(svc.o)
                0x00103884                svcWaitSynchronizationN
 .text.svcDuplicateHandle
                0x001038ac       0x14 /Users/sreechela/devkitpro/libctru/lib/libctru.a(svc.o)
                0x001038ac                svcDuplicateHandle
 .text.svcGetSystemTick
                0x001038c0        0x8 /Users/sreechela/devkitpro/libctru/lib/libctru.a(svc.o)
                0x001038c0                svcGetSystemTick
 .text.svcGetSystemInfo
                0x001038c8       0x18 /Users/sreechela/devkitpro/libctru/lib/libctru.a(svc.o)
                0x001038c8                svcGetSystemInfo
 .text.svcConnectToPort
                0x001038e0       0x14 /Users/sreechela/devkitpro/libctru/lib/libctru.a(svc.o)
                0x001038e0                svcConnectToPort
 .text.svcSendSyncRequest
                0x001038f4        0x8 /Users/sreechela/devkitpro/libctru/lib/libctru.a(svc.o)
                0x001038f4                svcSendSyncRequest
 .text.svcBreak
                0x001038fc        0x8 /Users/sreechela/devkitpro/libctru/lib/libctru.a(svc.o)
                0x001038fc                svcBreak
 .text._ZL21addrMapNodeComparatorPK11rbtree_nodeS1_
                0x00103904       0x24 /Users/sreechela/devkitpro/libctru/lib/libctru.a(linear.o)
 .text._ZL21addrMapNodeDestructorP11rbtree_node
                0x00103928        0x4 /Users/sreechela/devkitpro/libctru/lib/libctru.a(linear.o)
 .text.linearMemAlign
                0x0010392c      0x140 /Users/sreechela/devkitpro/libctru/lib/libctru.a(linear.o)
                0x0010392c                linearMemAlign
 .text.linearAlloc
                0x00103a6c        0x8 /Users/sreechela/devkitpro/libctru/lib/libctru.a(linear.o)
                0x00103a6c                linearAlloc
 .text.linearFree
                0x00103a74       0x50 /Users/sreechela/devkitpro/libctru/lib/libctru.a(linear.o)
                0x00103a74                linearFree
 .text._ZL21addrMapNodeComparatorPK11rbtree_nodeS1_
                0x00103ac4       0x24 /Users/sreechela/devkitpro/libctru/lib/libctru.a(mappable.o)
 .text._ZL21addrMapNodeDestructorP11rbtree_node
                0x00103ae8        0x4 /Users/sreechela/devkitpro/libctru/lib/libctru.a(mappable.o)
 .text.mappableAlloc
                0x00103aec       0xf4 /Users/sreechela/devkitpro/libctru/lib/libctru.a(mappable.o)
                0x00103aec                mappableAlloc
 .text.mappableFree
                0x00103be0       0x50 /Users/sreechela/devkitpro/libctru/lib/libctru.a(mappable.o)
                0x00103be0                mappableFree
 .text._ZN7MemPool13CoalesceRightEP8MemBlock
                0x00103c30       0xa0 /Users/sreechela/devkitpro/libctru/lib/libctru.a(mem_pool.o)
                0x00103c30                MemPool::CoalesceRight(MemBlock*)
 .text._ZN7MemPool8AllocateER8MemChunkmi
                0x00103cd0      0x18c /Users/sreechela/devkitpro/libctru/lib/libctru.a(mem_pool.o)
                0x00103cd0                MemPool::Allocate(MemChunk&, unsigned long, int)
 .text._ZN7MemPool10DeallocateERK8MemChunk
                0x00103e5c      0x104 /Users/sreechela/devkitpro/libctru/lib/libctru.a(mem_pool.o)
                0x00103e5c                MemPool::Deallocate(MemChunk const&)
 .text._ZL21addrMapNodeComparatorPK11rbtree_nodeS1_
                0x00103f60       0x24 /Users/sreechela/devkitpro/libctru/lib/libctru.a(vram.o)
 .text._ZL21addrMapNodeDestructorP11rbtree_node
                0x00103f84        0x4 /Users/sreechela/devkitpro/libctru/lib/libctru.a(vram.o)
 .text.vramMemAlign
                0x00103f88      0x130 /Users/sreechela/devkitpro/libctru/lib/libctru.a(vram.o)
                0x00103f88                vramMemAlign
 .text.vramAlloc
                0x001040b8        0x8 /Users/sreechela/devkitpro/libctru/lib/libctru.a(vram.o)
                0x001040b8                vramAlloc
 .text.vramFree
                0x001040c0       0x50 /Users/sreechela/devkitpro/libctru/lib/libctru.a(vram.o)
                0x001040c0                vramFree
 .text.envGetHandle
                0x00104110       0x94 /Users/sreechela/devkitpro/libctru/lib/libctru.a(env.o)
                0x00104110                envGetHandle
 .text.envDestroyHandles
                0x001041a4       0x4c /Users/sreechela/devkitpro/libctru/lib/libctru.a(env.o)
                0x001041a4                envDestroyHandles
 .text.getSysTime
                0x001041f0       0x58 /Users/sreechela/devkitpro/libctru/lib/libctru.a(os.o)
 .text.osGetMemRegionUsed
                0x00104248       0x24 /Users/sreechela/devkitpro/libctru/lib/libctru.a(os.o)
                0x00104248                osGetMemRegionUsed
 *fill*         0x0010426c        0x4 
 .text.__libctru_gtod
                0x00104270       0xf8 /Users/sreechela/devkitpro/libctru/lib/libctru.a(os.o)
                0x00104270                __libctru_gtod
 .text.__ctru_speedup_config
                0x00104368       0x34 /Users/sreechela/devkitpro/libctru/lib/libctru.a(os.o)
                0x00104368                __ctru_speedup_config
 .text.srvExit  0x0010439c       0x50 /Users/sreechela/devkitpro/libctru/lib/libctru.a(srv.o)
                0x0010439c                srvExit
 .text.srvRegisterClient
                0x001043ec       0x38 /Users/sreechela/devkitpro/libctru/lib/libctru.a(srv.o)
                0x001043ec                srvRegisterClient
 .text.srvInit  0x00104424       0x70 /Users/sreechela/devkitpro/libctru/lib/libctru.a(srv.o)
                0x00104424                srvInit
 .text.srvGetServiceHandleDirect
                0x00104494       0x68 /Users/sreechela/devkitpro/libctru/lib/libctru.a(srv.o)
                0x00104494                srvGetServiceHandleDirect
 .text.srvGetServiceHandle
                0x001044fc       0x38 /Users/sreechela/devkitpro/libctru/lib/libctru.a(srv.o)
                0x001044fc                srvGetServiceHandle
 .text.LightLock_Unlock.part.1
                0x00104534       0x34 /Users/sreechela/devkitpro/libctru/lib/libctru.a(synchronization.o)
 .text.__sync_init
                0x00104568        0xc /Users/sreechela/devkitpro/libctru/lib/libctru.a(synchronization.o)
                0x00104568                __sync_init
 .text.__sync_fini
                0x00104574       0x18 /Users/sreechela/devkitpro/libctru/lib/libctru.a(synchronization.o)
                0x00104574                __sync_fini
 .text.__sync_get_arbiter
                0x0010458c       0x10 /Users/sreechela/devkitpro/libctru/lib/libctru.a(synchronization.o)
                0x0010458c                __sync_get_arbiter
 .text.LightLock_Init
                0x0010459c       0x18 /Users/sreechela/devkitpro/libctru/lib/libctru.a(synchronization.o)
                0x0010459c                LightLock_Init
 .text.LightLock_Lock
                0x001045b4       0x94 /Users/sreechela/devkitpro/libctru/lib/libctru.a(synchronization.o)
                0x001045b4                LightLock_Lock
 .text.LightLock_TryLock
                0x00104648       0x34 /Users/sreechela/devkitpro/libctru/lib/libctru.a(synchronization.o)
                0x00104648                LightLock_TryLock
 .text.LightLock_Unlock
                0x0010467c       0x20 /Users/sreechela/devkitpro/libctru/lib/libctru.a(synchronization.o)
                0x0010467c                LightLock_Unlock
 .text.RecursiveLock_Init
                0x0010469c       0x24 /Users/sreechela/devkitpro/libctru/lib/libctru.a(synchronization.o)
                0x0010469c                RecursiveLock_Init
 .text.RecursiveLock_Lock
                0x001046c0       0x30 /Users/sreechela/devkitpro/libctru/lib/libctru.a(synchronization.o)
                0x001046c0                RecursiveLock_Lock
 .text.RecursiveLock_TryLock
                0x001046f0       0x58 /Users/sreechela/devkitpro/libctru/lib/libctru.a(synchronization.o)
                0x001046f0                RecursiveLock_TryLock
 .text.RecursiveLock_Unlock
                0x00104748       0x38 /Users/sreechela/devkitpro/libctru/lib/libctru.a(synchronization.o)
                0x00104748                RecursiveLock_Unlock
 .text.LightEvent_Init
                0x00104780       0x38 /Users/sreechela/devkitpro/libctru/lib/libctru.a(synchronization.o)
                0x00104780                LightEvent_Init
 .text.LightEvent_Clear
                0x001047b8       0x7c /Users/sreechela/devkitpro/libctru/lib/libctru.a(synchronization.o)
                0x001047b8                LightEvent_Clear
 .text.LightEvent_Signal
                0x00104834       0xdc /Users/sreechela/devkitpro/libctru/lib/libctru.a(synchronization.o)
                0x00104834                LightEvent_Signal
 .text.LightEvent_Wait
                0x00104910       0xc8 /Users/sreechela/devkitpro/libctru/lib/libctru.a(synchronization.o)
                0x00104910                LightEvent_Wait
 .text.threadCreate
                0x001049d8      0x1c8 /Users/sreechela/devkitpro/libctru/lib/libctru.a(thread.o)
                0x001049d8                threadCreate
 .text.threadJoin
                0x00104ba0       0x24 /Users/sreechela/devkitpro/libctru/lib/libctru.a(thread.o)
                0x00104ba0                threadJoin
 .text.threadExit
                0x00104bc4       0x6c /Users/sreechela/devkitpro/libctru/lib/libctru.a(thread.o)
                0x00104bc4                threadExit
 .text._thread_begin
                0x00104c30       0x3c /Users/sreechela/devkitpro/libctru/lib/libctru.a(thread.o)
 .text.ptmSysmInit
                0x00104c6c       0x70 /Users/sreechela/devkitpro/libctru/lib/libctru.a(ptmsysm.o)
                0x00104c6c                ptmSysmInit
 .text.ptmSysmExit
                0x00104cdc       0x34 /Users/sreechela/devkitpro/libctru/lib/libctru.a(ptmsysm.o)
                0x00104cdc                ptmSysmExit
 .text.PTMSYSM_ConfigureNew3DSCPU
                0x00104d10       0x34 /Users/sreechela/devkitpro/libctru/lib/libctru.a(ptmsysm.o)
                0x00104d10                PTMSYSM_ConfigureNew3DSCPU
 .text.rbtree_find
                0x00104d44       0x70 /Users/sreechela/devkitpro/libctru/lib/libctru.a(rbtree_find.o)
                0x00104d44                rbtree_find
 .text.rbtree_init
                0x00104db4       0x14 /Users/sreechela/devkitpro/libctru/lib/libctru.a(rbtree_init.o)
                0x00104db4                rbtree_init
 .text.do_insert
                0x00104dc8      0x1d4 /Users/sreechela/devkitpro/libctru/lib/libctru.a(rbtree_insert.o)
 .text.rbtree_insert
                0x00104f9c        0x8 /Users/sreechela/devkitpro/libctru/lib/libctru.a(rbtree_insert.o)
                0x00104f9c                rbtree_insert
 .text.rbtree_remove
                0x00104fa4      0x35c /Users/sreechela/devkitpro/libctru/lib/libctru.a(rbtree_remove.o)
                0x00104fa4                rbtree_remove
 .text.rbtree_rotate
                0x00105300       0xac /Users/sreechela/devkitpro/libctru/lib/libctru.a(rbtree_rotate.o)
                0x00105300                rbtree_rotate
 .text.osGetMemRegionSize
                0x001053ac       0x58 /Users/sreechela/devkitpro/libctru/lib/libctru.a(allocateHeaps.o)
 .text.__system_allocateHeaps
                0x00105404      0x124 /Users/sreechela/devkitpro/libctru/lib/libctru.a(allocateHeaps.o)
                0x00105404                __system_allocateHeaps
 .text.__appExit
                0x00105528       0x1c /Users/sreechela/devkitpro/libctru/lib/libctru.a(appExit.o)
                0x00105528                __appExit
 .text.__appInit
                0x00105544       0x1c /Users/sreechela/devkitpro/libctru/lib/libctru.a(appInit.o)
                0x00105544                __appInit
 .text.__libctru_exit
                0x00105560       0xa4 /Users/sreechela/devkitpro/libctru/lib/libctru.a(ctru_exit.o)
                0x00105560                __libctru_exit
 .text.sdmc_link
                0x00105604       0x10 /Users/sreechela/devkitpro/libctru/lib/libctru.a(sdmc_dev.o)
 .text.sdmc_dirreset
                0x00105614       0x10 /Users/sreechela/devkitpro/libctru/lib/libctru.a(sdmc_dev.o)
 .text.sdmc_chmod
                0x00105624       0x10 /Users/sreechela/devkitpro/libctru/lib/libctru.a(sdmc_dev.o)
 .text.sdmc_fchmod
                0x00105634       0x10 /Users/sreechela/devkitpro/libctru/lib/libctru.a(sdmc_dev.o)
 .text.error_cmp
                0x00105644       0x24 /Users/sreechela/devkitpro/libctru/lib/libctru.a(sdmc_dev.o)
 .text.sdmc_translate_error
                0x00105668       0x50 /Users/sreechela/devkitpro/libctru/lib/libctru.a(sdmc_dev.o)
 .text.sdmc_fsync
                0x001056b8       0x34 /Users/sreechela/devkitpro/libctru/lib/libctru.a(sdmc_dev.o)
 .text.sdmc_ftruncate
                0x001056ec       0x54 /Users/sreechela/devkitpro/libctru/lib/libctru.a(sdmc_dev.o)
 .text.sdmc_statvfs
                0x00105740       0xac /Users/sreechela/devkitpro/libctru/lib/libctru.a(sdmc_dev.o)
 .text.sdmc_dirclose
                0x001057ec       0x38 /Users/sreechela/devkitpro/libctru/lib/libctru.a(sdmc_dev.o)
 .text.sdmc_dirnext
                0x00105824      0x13c /Users/sreechela/devkitpro/libctru/lib/libctru.a(sdmc_dev.o)
 .text.sdmc_close
                0x00105960       0x34 /Users/sreechela/devkitpro/libctru/lib/libctru.a(sdmc_dev.o)
 .text.sdmc_fstat
                0x00105994       0x74 /Users/sreechela/devkitpro/libctru/lib/libctru.a(sdmc_dev.o)
 .text.sdmc_seek
                0x00105a08       0xc0 /Users/sreechela/devkitpro/libctru/lib/libctru.a(sdmc_dev.o)
 .text.sdmc_read
                0x00105ac8       0x8c /Users/sreechela/devkitpro/libctru/lib/libctru.a(sdmc_dev.o)
 .text.sdmc_write_safe
                0x00105b54      0x110 /Users/sreechela/devkitpro/libctru/lib/libctru.a(sdmc_dev.o)
 .text.sdmc_utf16path
                0x00105c64      0x1b4 /Users/sreechela/devkitpro/libctru/lib/libctru.a(sdmc_dev.o)
 .text.sdmc_rmdir
                0x00105e18       0x74 /Users/sreechela/devkitpro/libctru/lib/libctru.a(sdmc_dev.o)
 .text.sdmc_diropen
                0x00105e8c       0xa8 /Users/sreechela/devkitpro/libctru/lib/libctru.a(sdmc_dev.o)
 .text.sdmc_chdir
                0x00105f34       0xa0 /Users/sreechela/devkitpro/libctru/lib/libctru.a(sdmc_dev.o)
 .text.sdmc_mkdir
                0x00105fd4       0x98 /Users/sreechela/devkitpro/libctru/lib/libctru.a(sdmc_dev.o)
 .text.sdmc_rename
                0x0010606c      0x108 /Users/sreechela/devkitpro/libctru/lib/libctru.a(sdmc_dev.o)
 .text.sdmc_unlink
                0x00106174       0x74 /Users/sreechela/devkitpro/libctru/lib/libctru.a(sdmc_dev.o)
 .text.sdmc_stat
                0x001061e8      0x108 /Users/sreechela/devkitpro/libctru/lib/libctru.a(sdmc_dev.o)
 .text.sdmc_open
                0x001062f0      0x188 /Users/sreechela/devkitpro/libctru/lib/libctru.a(sdmc_dev.o)
 .text.sdmcInit
                0x00106478      0x15c /Users/sreechela/devkitpro/libctru/lib/libctru.a(sdmc_dev.o)
                0x00106478                sdmcInit
 .text.sdmcExit
                0x001065d4       0x54 /Users/sreechela/devkitpro/libctru/lib/libctru.a(sdmc_dev.o)
                0x001065d4                sdmcExit
 .text.fsSessionForArchive.part.0
                0x00106628       0x28 /Users/sreechela/devkitpro/libctru/lib/libctru.a(fs.o)
 .text.fsInit   0x00106650       0xcc /Users/sreechela/devkitpro/libctru/lib/libctru.a(fs.o)
                0x00106650                fsInit
 .text.fsExit   0x0010671c       0x38 /Users/sreechela/devkitpro/libctru/lib/libctru.a(fs.o)
                0x0010671c                fsExit
 .text.fsExemptFromSession
                0x00106754       0x74 /Users/sreechela/devkitpro/libctru/lib/libctru.a(fs.o)
                0x00106754                fsExemptFromSession
 .text.fsUnexemptFromSession
                0x001067c8       0x54 /Users/sreechela/devkitpro/libctru/lib/libctru.a(fs.o)
                0x001067c8                fsUnexemptFromSession
 .text.FSUSER_OpenFile
                0x0010681c       0xbc /Users/sreechela/devkitpro/libctru/lib/libctru.a(fs.o)
                0x0010681c                FSUSER_OpenFile
 .text.FSUSER_DeleteFile
                0x001068d8       0xa4 /Users/sreechela/devkitpro/libctru/lib/libctru.a(fs.o)
                0x001068d8                FSUSER_DeleteFile
 .text.FSUSER_RenameFile
                0x0010697c       0xe0 /Users/sreechela/devkitpro/libctru/lib/libctru.a(fs.o)
                0x0010697c                FSUSER_RenameFile
 .text.FSUSER_DeleteDirectory
                0x00106a5c       0xa4 /Users/sreechela/devkitpro/libctru/lib/libctru.a(fs.o)
                0x00106a5c                FSUSER_DeleteDirectory
 .text.FSUSER_CreateFile
                0x00106b00       0xbc /Users/sreechela/devkitpro/libctru/lib/libctru.a(fs.o)
                0x00106b00                FSUSER_CreateFile
 .text.FSUSER_CreateDirectory
                0x00106bbc       0xac /Users/sreechela/devkitpro/libctru/lib/libctru.a(fs.o)
                0x00106bbc                FSUSER_CreateDirectory
 .text.FSUSER_RenameDirectory
                0x00106c68       0xe0 /Users/sreechela/devkitpro/libctru/lib/libctru.a(fs.o)
                0x00106c68                FSUSER_RenameDirectory
 .text.FSUSER_OpenDirectory
                0x00106d48       0xa4 /Users/sreechela/devkitpro/libctru/lib/libctru.a(fs.o)
                0x00106d48                FSUSER_OpenDirectory
 .text.FSUSER_OpenArchive
                0x00106dec       0x9c /Users/sreechela/devkitpro/libctru/lib/libctru.a(fs.o)
                0x00106dec                FSUSER_OpenArchive
 .text.FSUSER_CloseArchive
                0x00106e88       0x74 /Users/sreechela/devkitpro/libctru/lib/libctru.a(fs.o)
                0x00106e88                FSUSER_CloseArchive
 .text.FSUSER_GetSdmcArchiveResource
                0x00106efc       0x78 /Users/sreechela/devkitpro/libctru/lib/libctru.a(fs.o)
                0x00106efc                FSUSER_GetSdmcArchiveResource
 .text.FSUSER_IsSdmcWritable
                0x00106f74       0x64 /Users/sreechela/devkitpro/libctru/lib/libctru.a(fs.o)
                0x00106f74                FSUSER_IsSdmcWritable
 .text.FSFILE_Read
                0x00106fd8       0x5c /Users/sreechela/devkitpro/libctru/lib/libctru.a(fs.o)
                0x00106fd8                FSFILE_Read
 .text.FSFILE_Write
                0x00107034       0x64 /Users/sreechela/devkitpro/libctru/lib/libctru.a(fs.o)
                0x00107034                FSFILE_Write
 .text.FSFILE_GetSize
                0x00107098       0x3c /Users/sreechela/devkitpro/libctru/lib/libctru.a(fs.o)
                0x00107098                FSFILE_GetSize
 .text.FSFILE_SetSize
                0x001070d4       0x2c /Users/sreechela/devkitpro/libctru/lib/libctru.a(fs.o)
                0x001070d4                FSFILE_SetSize
 .text.FSFILE_Close
                0x00107100       0x3c /Users/sreechela/devkitpro/libctru/lib/libctru.a(fs.o)
                0x00107100                FSFILE_Close
 .text.FSFILE_Flush
                0x0010713c       0x24 /Users/sreechela/devkitpro/libctru/lib/libctru.a(fs.o)
                0x0010713c                FSFILE_Flush
 .text.FSDIR_Read
                0x00107160       0x54 /Users/sreechela/devkitpro/libctru/lib/libctru.a(fs.o)
                0x00107160                FSDIR_Read
 .text.FSDIR_Close
                0x001071b4       0x3c /Users/sreechela/devkitpro/libctru/lib/libctru.a(fs.o)
                0x001071b4                FSDIR_Close
 .text.rbtree_node_next
                0x001071f0       0x8c /Users/sreechela/devkitpro/libctru/lib/libctru.a(rbtree_iterator.o)
                0x001071f0                rbtree_node_next
 .text.decode_utf8
                0x0010727c      0x138 /Users/sreechela/devkitpro/libctru/lib/libctru.a(decode_utf8.o)
                0x0010727c                decode_utf8
 .text.utf16_to_utf8
                0x001073b4       0xe4 /Users/sreechela/devkitpro/libctru/lib/libctru.a(utf16_to_utf8.o)
                0x001073b4                utf16_to_utf8
 .text.utf8_to_utf16
                0x00107498       0xbc /Users/sreechela/devkitpro/libctru/lib/libctru.a(utf8_to_utf16.o)
                0x00107498                utf8_to_utf16
 .text.__aeabi_read_tp
                0x00107554        0xc /Users/sreechela/devkitpro/libctru/lib/libctru.a(readtp.o)
                0x00107554                __aeabi_read_tp
 .text.decode_utf16
                0x00107560       0x60 /Users/sreechela/devkitpro/libctru/lib/libctru.a(decode_utf16.o)
                0x00107560                decode_utf16
 .text.encode_utf16
                0x001075c0       0x68 /Users/sreechela/devkitpro/libctru/lib/libctru.a(encode_utf16.o)
                0x001075c0                encode_utf16
 .text.encode_utf8
                0x00107628      0x104 /Users/sreechela/devkitpro/libctru/lib/libctru.a(encode_utf8.o)
                0x00107628                encode_utf8
 .text.bsearch  0x0010772c       0x78 /Users/sreechela/devkitPro/devkitARM/bin/../lib/gcc/arm-none-eabi/5.3.0/../../../../arm-none-eabi/lib/armv6k/fpu/libg.a(lib_a-bsearch.o)
                0x0010772c                bsearch
 .text.__libc_fini_array
                0x001077a4       0x3c /Users/sreechela/devkitPro/devkitARM/bin/../lib/gcc/arm-none-eabi/5.3.0/../../../../arm-none-eabi/lib/armv6k/fpu/libg.a(lib_a-fini.o)
                0x001077a4                __libc_fini_array
 .text.__libc_init_array
                0x001077e0       0x78 /Users/sreechela/devkitPro/devkitARM/bin/../lib/gcc/arm-none-eabi/5.3.0/../../../../arm-none-eabi/lib/armv6k/fpu/libg.a(lib_a-init.o)
                0x001077e0                __libc_init_array
 .text.memalign
                0x00107858       0x20 /Users/sreechela/devkitPro/devkitARM/bin/../lib/gcc/arm-none-eabi/5.3.0/../../../../arm-none-eabi/lib/armv6k/fpu/libg.a(lib_a-malign.o)
                0x00107858                memalign
 .text._memalign_r
                0x00107878      0x15c /Users/sreechela/devkitPro/devkitARM/bin/../lib/gcc/arm-none-eabi/5.3.0/../../../../arm-none-eabi/lib/armv6k/fpu/libg.a(lib_a-malignr.o)
                0x00107878                _memalign_r
 .text.malloc   0x001079d4       0x18 /Users/sreechela/devkitPro/devkitARM/bin/../lib/gcc/arm-none-eabi/5.3.0/../../../../arm-none-eabi/lib/armv6k/fpu/libg.a(lib_a-malloc.o)
                0x001079d4                malloc
 .text.free     0x001079ec       0x18 /Users/sreechela/devkitPro/devkitARM/bin/../lib/gcc/arm-none-eabi/5.3.0/../../../../arm-none-eabi/lib/armv6k/fpu/libg.a(lib_a-malloc.o)
                0x001079ec                free
 .text._malloc_r
                0x00107a04      0x7a8 /Users/sreechela/devkitPro/devkitARM/bin/../lib/gcc/arm-none-eabi/5.3.0/../../../../arm-none-eabi/lib/armv6k/fpu/libg.a(lib_a-mallocr.o)
                0x00107a04                _malloc_r
 .text.memcpy   0x001081ac       0xf0 /Users/sreechela/devkitPro/devkitARM/bin/../lib/gcc/arm-none-eabi/5.3.0/../../../../arm-none-eabi/lib/armv6k/fpu/libg.a(lib_a-memcpy.o)
                0x001081ac                memcpy
 .text.memset   0x0010829c       0xf4 /Users/sreechela/devkitPro/devkitARM/bin/../lib/gcc/arm-none-eabi/5.3.0/../../../../arm-none-eabi/lib/armv6k/fpu/libg.a(lib_a-memset.o)
                0x0010829c                memset
 .text.__malloc_lock
                0x00108390        0xc /Users/sreechela/devkitPro/devkitARM/bin/../lib/gcc/arm-none-eabi/5.3.0/../../../../arm-none-eabi/lib/armv6k/fpu/libg.a(lib_a-mlock.o)
                0x00108390                __malloc_lock
 .text.__malloc_unlock
                0x0010839c        0xc /Users/sreechela/devkitPro/devkitARM/bin/../lib/gcc/arm-none-eabi/5.3.0/../../../../arm-none-eabi/lib/armv6k/fpu/libg.a(lib_a-mlock.o)
                0x0010839c                __malloc_unlock
 .text.strlen   0x001083a8       0x5c /Users/sreechela/devkitPro/devkitARM/bin/../lib/gcc/arm-none-eabi/5.3.0/../../../../arm-none-eabi/lib/armv6k/fpu/libg.a(lib_a-strlen.o)
                0x001083a8                strlen
 .text.strncat  0x00108404       0xa4 /Users/sreechela/devkitPro/devkitARM/bin/../lib/gcc/arm-none-eabi/5.3.0/../../../../arm-none-eabi/lib/armv6k/fpu/libg.a(lib_a-strncat.o)
                0x00108404                strncat
 .text.strncpy  0x001084a8       0xe0 /Users/sreechela/devkitPro/devkitARM/bin/../lib/gcc/arm-none-eabi/5.3.0/../../../../arm-none-eabi/lib/armv6k/fpu/libg.a(lib_a-strncpy.o)
                0x001084a8                strncpy
 .text._malloc_trim_r
                0x00108588       0xf8 /Users/sreechela/devkitPro/devkitARM/bin/../lib/gcc/arm-none-eabi/5.3.0/../../../../arm-none-eabi/lib/armv6k/fpu/libg.a(lib_a-freer.o)
                0x00108588                _malloc_trim_r
 .text._free_r  0x00108680      0x2e4 /Users/sreechela/devkitPro/devkitARM/bin/../lib/gcc/arm-none-eabi/5.3.0/../../../../arm-none-eabi/lib/armv6k/fpu/libg.a(lib_a-freer.o)
                0x00108680                _free_r
 .text.strchr   0x00108964      0x15c /Users/sreechela/devkitPro/devkitARM/bin/../lib/gcc/arm-none-eabi/5.3.0/../../../../arm-none-eabi/lib/armv6k/fpu/libg.a(lib_a-strchr.o)
                0x00108964                strchr
 .text.strncmp  0x00108ac0      0x11c /Users/sreechela/devkitPro/devkitARM/bin/../lib/gcc/arm-none-eabi/5.3.0/../../../../arm-none-eabi/lib/armv6k/fpu/libg.a(lib_a-strncmp.o)
                0x00108ac0                strncmp
 .text.strnlen  0x00108bdc       0x5c /Users/sreechela/devkitPro/devkitARM/bin/../lib/gcc/arm-none-eabi/5.3.0/../../../../arm-none-eabi/lib/armv6k/fpu/libg.a(lib_a-strnlen.o)
                0x00108bdc                strnlen
 .text.strrchr  0x00108c38       0x44 /Users/sreechela/devkitPro/devkitARM/bin/../lib/gcc/arm-none-eabi/5.3.0/../../../../arm-none-eabi/lib/armv6k/fpu/libg.a(lib_a-strrchr.o)
                0x00108c38                strrchr
 *(.glue_7)
 .glue_7        0x00108c7c        0x0 linker stubs
 *(.glue_7t)
 .glue_7t       0x00108c7c        0x0 linker stubs
 *(.stub)
 *(.gnu.warning)
 *(.gnu.linkonce.t*)
                0x00108c7c                . = ALIGN (0x4)
 *(.fini)
 .fini          0x00108c7c        0xc /Users/sreechela/devkitPro/devkitARM/bin/../lib/gcc/arm-none-eabi/5.3.0/armv6k/fpu/crti.o
                0x00108c7c                _fini
 .fini          0x00108c88        0xc /Users/sreechela/devkitPro/devkitARM/bin/../lib/gcc/arm-none-eabi/5.3.0/armv6k/fpu/crtn.o
                0x00108c94                . = ALIGN (0x4)

.vfp11_veneer   0x00108c94        0x0
 .vfp11_veneer  0x00108c94        0x0 linker stubs

.v4_bx          0x00108c94        0x0
 .v4_bx         0x00108c94        0x0 linker stubs

.iplt           0x00108c94        0x0
 .iplt          0x00108c94        0x0 /Users/sreechela/devkitPro/devkitARM/bin/../lib/gcc/arm-none-eabi/5.3.0/../../../../arm-none-eabi/lib/armv6k/fpu/3dsx_crt0.o

.rodata         0x00109000      0x258
 *(.rodata)
 .rodata        0x00109000       0x1c /Users/sreechela/devkitpro/libctru/lib/libctru.a(gfx.o)
 .rodata        0x0010901c        0xc /Users/sreechela/devkitpro/libctru/lib/libctru.a(apt.o)
 .rodata        0x00109028       0x3c /Users/sreechela/devkitpro/libctru/lib/libctru.a(sdmc_dev.o)
 .rodata        0x00109064       0x68 /Users/sreechela/devkitPro/devkitARM/bin/../lib/gcc/arm-none-eabi/5.3.0/../../../../arm-none-eabi/lib/armv6k/fpu/libsysbase.a(iosupport.o)
                0x00109064                dotab_stdnull
 .rodata        0x001090cc        0xc /Users/sreechela/devkitPro/devkitARM/bin/../lib/gcc/arm-none-eabi/5.3.0/../../../../arm-none-eabi/lib/armv6k/fpu/libsysbase.a(chdir.o)
                0x001090cc                DIRECTORY_PARENT
                0x001090d0                DIRECTORY_THIS
                0x001090d4                DIRECTORY_SEPARATOR
 *(.roda)
 *(.rodata.*)
 .rodata.str1.4
                0x001090d8       0x16 /Users/sreechela/devkitpro/libctru/lib/libctru.a(apt.o)
                                 0x18 (size before relaxing)
 *fill*         0x001090ee        0x2 
 .rodata.str1.4
                0x001090f0        0x9 /Users/sreechela/devkitpro/libctru/lib/libctru.a(gspgpu.o)
                                  0xc (size before relaxing)
 *fill*         0x001090f9        0x3 
 .rodata.str1.4
                0x001090fc       0x15 /Users/sreechela/devkitpro/libctru/lib/libctru.a(hid.o)
                                 0x18 (size before relaxing)
 *fill*         0x00109111        0x3 
 .rodata.str1.4
                0x00109114        0x7 /Users/sreechela/devkitpro/libctru/lib/libctru.a(irrst.o)
                                  0x8 (size before relaxing)
 *fill*         0x0010911b        0x1 
 .rodata.str1.4
                0x0010911c        0x5 /Users/sreechela/devkitpro/libctru/lib/libctru.a(srv.o)
                                  0x8 (size before relaxing)
 *fill*         0x00109121        0x3 
 .rodata.str1.4
                0x00109124        0x2 /Users/sreechela/devkitpro/libctru/lib/libctru.a(thread.o)
                                  0x4 (size before relaxing)
 *fill*         0x00109126        0x2 
 .rodata.str1.4
                0x00109128        0x9 /Users/sreechela/devkitpro/libctru/lib/libctru.a(ptmsysm.o)
                                  0xc (size before relaxing)
 *fill*         0x00109131        0x3 
 .rodata.str1.4
                0x00109134        0xd /Users/sreechela/devkitpro/libctru/lib/libctru.a(sdmc_dev.o)
                                 0x14 (size before relaxing)
 *fill*         0x00109141        0x3 
 .rodata.str1.4
                0x00109144        0x8 /Users/sreechela/devkitpro/libctru/lib/libctru.a(fs.o)
                                  0xc (size before relaxing)
 .rodata.str1.4
                0x0010914c        0x4 /Users/sreechela/devkitPro/devkitARM/bin/../lib/gcc/arm-none-eabi/5.3.0/../../../../arm-none-eabi/lib/armv6k/fpu/libg.a(lib_a-impure.o)
 .rodata.str1.4
                0x0010914c        0x8 /Users/sreechela/devkitPro/devkitARM/bin/../lib/gcc/arm-none-eabi/5.3.0/../../../../arm-none-eabi/lib/armv6k/fpu/libsysbase.a(iosupport.o)
 .rodata._ctype_
                0x00109154      0x104 /Users/sreechela/devkitPro/devkitARM/bin/../lib/gcc/arm-none-eabi/5.3.0/../../../../arm-none-eabi/lib/armv6k/fpu/libg.a(lib_a-ctype_.o)
                0x00109154                _ctype_
 *all.rodata*(*)
 *(.gnu.linkonce.r*)
                0x00109258                . = ALIGN (0x4)

.eh_frame       0x00109258        0x0
 .eh_frame      0x00109258        0x0 /Users/sreechela/devkitPro/devkitARM/bin/../lib/gcc/arm-none-eabi/5.3.0/armv6k/fpu/crtbegin.o

.rel.dyn        0x00109258        0x0
 .rel.iplt      0x00109258        0x0 /Users/sreechela/devkitPro/devkitARM/bin/../lib/gcc/arm-none-eabi/5.3.0/../../../../arm-none-eabi/lib/armv6k/fpu/3dsx_crt0.o

.ARM.extab
 *(.ARM.extab* .gnu.linkonce.armextab.*)
                0x00109258                __exidx_start = .

ARM.exidx
 *(.ARM.exidx* .gnu.linkonce.armexidx.*)
                0x00109258                __exidx_end = .

.data           0x0010a000     0x1d2c
 *(.data)
 .data          0x0010a000        0xc /Users/sreechela/devkitpro/libctru/lib/libctru.a(gfx.o)
 .data          0x0010a00c        0x4 /Users/sreechela/devkitpro/libctru/lib/libctru.a(apt.o)
 .data          0x0010a010        0x4 /Users/sreechela/devkitpro/libctru/lib/libctru.a(gspgpu.o)
 .data          0x0010a014        0x4 /Users/sreechela/devkitpro/libctru/lib/libctru.a(stack_adjust.o)
                0x0010a014                __stacksize__
 .data          0x0010a018      0x46c /Users/sreechela/devkitpro/libctru/lib/libctru.a(sdmc_dev.o)
 .data          0x0010a484       0x44 /Users/sreechela/devkitPro/devkitARM/bin/../lib/gcc/arm-none-eabi/5.3.0/../../../../arm-none-eabi/lib/armv6k/fpu/libsysbase.a(iosupport.o)
                0x0010a488                devoptab_list
 .data          0x0010a4c8     0x1000 /Users/sreechela/devkitPro/devkitARM/bin/../lib/gcc/arm-none-eabi/5.3.0/../../../../arm-none-eabi/lib/armv6k/fpu/libsysbase.a(chdir.o)
 *(.data.*)
 .data.impure_data
                0x0010b4c8      0x440 /Users/sreechela/devkitPro/devkitARM/bin/../lib/gcc/arm-none-eabi/5.3.0/../../../../arm-none-eabi/lib/armv6k/fpu/libg.a(lib_a-impure.o)
 .data._impure_ptr
                0x0010b908        0x4 /Users/sreechela/devkitPro/devkitARM/bin/../lib/gcc/arm-none-eabi/5.3.0/../../../../arm-none-eabi/lib/armv6k/fpu/libg.a(lib_a-impure.o)
                0x0010b908                _impure_ptr
 .data.__malloc_av_
                0x0010b90c      0x408 /Users/sreechela/devkitPro/devkitARM/bin/../lib/gcc/arm-none-eabi/5.3.0/../../../../arm-none-eabi/lib/armv6k/fpu/libg.a(lib_a-mallocr.o)
                0x0010b90c                __malloc_av_
 .data.__malloc_trim_threshold
                0x0010bd14        0x4 /Users/sreechela/devkitPro/devkitARM/bin/../lib/gcc/arm-none-eabi/5.3.0/../../../../arm-none-eabi/lib/armv6k/fpu/libg.a(lib_a-mallocr.o)
                0x0010bd14                __malloc_trim_threshold
 .data.__malloc_sbrk_base
                0x0010bd18        0x4 /Users/sreechela/devkitPro/devkitARM/bin/../lib/gcc/arm-none-eabi/5.3.0/../../../../arm-none-eabi/lib/armv6k/fpu/libg.a(lib_a-mallocr.o)
                0x0010bd18                __malloc_sbrk_base
 .data.__malloc_lock_object
                0x0010bd1c        0xc /Users/sreechela/devkitPro/devkitARM/bin/../lib/gcc/arm-none-eabi/5.3.0/../../../../arm-none-eabi/lib/armv6k/fpu/libg.a(lib_a-mlock.o)
 .data.__ctype_ptr__
                0x0010bd28        0x4 /Users/sreechela/devkitPro/devkitARM/bin/../lib/gcc/arm-none-eabi/5.3.0/../../../../arm-none-eabi/lib/armv6k/fpu/libg.a(lib_a-ctype_.o)
                0x0010bd28                __ctype_ptr__
 *(.gnu.linkonce.d*)
                0x0010bd2c                . = ALIGN (0x4)

.igot.plt       0x0010bd2c        0x0
 .igot.plt      0x0010bd2c        0x0 /Users/sreechela/devkitPro/devkitARM/bin/../lib/gcc/arm-none-eabi/5.3.0/../../../../arm-none-eabi/lib/armv6k/fpu/3dsx_crt0.o

.jcr            0x0010bd2c        0x0
 .jcr           0x0010bd2c        0x0 /Users/sreechela/devkitPro/devkitARM/bin/../lib/gcc/arm-none-eabi/5.3.0/armv6k/fpu/crtbegin.o

.tm_clone_table
                0x0010bd2c        0x0
 .tm_clone_table
                0x0010bd2c        0x0 /Users/sreechela/devkitPro/devkitARM/bin/../lib/gcc/arm-none-eabi/5.3.0/armv6k/fpu/crtbegin.o
 .tm_clone_table
                0x0010bd2c        0x0 /Users/sreechela/devkitPro/devkitARM/bin/../lib/gcc/arm-none-eabi/5.3.0/armv6k/fpu/crtend.o
                0x0010bd2c                __TMC_END__

.tdata          0x0010bd2c        0x0
                0x0010bd2c                __tdata_lma = .
 *(.tdata)
 *(.tdata.*)
 *(.gnu.linkonce.td.*)
                0x0010bd2c                . = ALIGN (0x4)
                0x0010bd2c                __tdata_lma_end = .

.tbss           0x0010bd2c     0x340c
 *(.tbss)
 .tbss          0x0010bd2c     0x340c /Users/sreechela/devkitpro/libctru/lib/libctru.a(sdmc_dev.o)
 *(.tbss.*)
 *(.gnu.linkonce.tb.*)
 *(.tcommon)
                0x0010f138                . = ALIGN (0x4)

.preinit_array  0x0010bd2c        0x0
                0x0010bd2c                PROVIDE (__preinit_array_start, .)
 *(.preinit_array)
                0x0010bd2c                PROVIDE (__preinit_array_end, .)

.init_array     0x0010bd2c        0x4
                0x0010bd2c                PROVIDE (__init_array_start, .)
 *(SORT(.init_array.*))
 *(.init_array)
 .init_array    0x0010bd2c        0x4 /Users/sreechela/devkitPro/devkitARM/bin/../lib/gcc/arm-none-eabi/5.3.0/armv6k/fpu/crtbegin.o
                0x0010bd30                PROVIDE (__init_array_end, .)

.fini_array     0x0010bd30        0x4
                0x0010bd30                PROVIDE (__fini_array_start, .)
 *(.fini_array)
 .fini_array    0x0010bd30        0x4 /Users/sreechela/devkitPro/devkitARM/bin/../lib/gcc/arm-none-eabi/5.3.0/armv6k/fpu/crtbegin.o
 *(SORT(.fini_array.*))
                0x0010bd34                PROVIDE (__fini_array_end, .)

.ctors
 *crtbegin.o(.ctors)
 *(EXCLUDE_FILE(*crtend.o) .ctors)
 *(SORT(.ctors.*))
 *(.ctors)

.dtors
 *crtbegin.o(.dtors)
 *(EXCLUDE_FILE(*crtend.o) .dtors)
 *(SORT(.dtors.*))
 *(.dtors)
                0x0010bd34                __bss_start__ = .

.bss            0x0010bd34     0x5774
 *(.dynbss)
 *(.bss)
 .bss           0x0010bd34       0x1c /Users/sreechela/devkitPro/devkitARM/bin/../lib/gcc/arm-none-eabi/5.3.0/armv6k/fpu/crtbegin.o
 .bss           0x0010bd50        0xc /Users/sreechela/devkitpro/libctru/lib/libctru.a(gfx.o)
 .bss           0x0010bd5c     0x1040 /Users/sreechela/devkitpro/libctru/lib/libctru.a(apt.o)
 .bss           0x0010cd9c       0xa8 /Users/sreechela/devkitpro/libctru/lib/libctru.a(gspgpu.o)
 .bss           0x0010ce44       0x2c /Users/sreechela/devkitpro/libctru/lib/libctru.a(hid.o)
 .bss           0x0010ce70        0xc /Users/sreechela/devkitpro/libctru/lib/libctru.a(irrst.o)
 .bss           0x0010ce7c        0x8 /Users/sreechela/devkitpro/libctru/lib/libctru.a(stack_adjust.o)
 .bss           0x0010ce84       0x14 /Users/sreechela/devkitpro/libctru/lib/libctru.a(linear.o)
 .bss           0x0010ce98       0x14 /Users/sreechela/devkitpro/libctru/lib/libctru.a(mappable.o)
 .bss           0x0010ceac       0x14 /Users/sreechela/devkitpro/libctru/lib/libctru.a(vram.o)
 .bss           0x0010cec0        0x1 /Users/sreechela/devkitpro/libctru/lib/libctru.a(os.o)
                0x0010cec0                __ctru_speedup
 *fill*         0x0010cec1        0x3 
 .bss           0x0010cec4        0x8 /Users/sreechela/devkitpro/libctru/lib/libctru.a(srv.o)
 .bss           0x0010cecc        0x4 /Users/sreechela/devkitpro/libctru/lib/libctru.a(synchronization.o)
 .bss           0x0010ced0        0x8 /Users/sreechela/devkitpro/libctru/lib/libctru.a(ptmsysm.o)
 .bss           0x0010ced8       0x10 /Users/sreechela/devkitpro/libctru/lib/libctru.a(sdmc_dev.o)
 .bss           0x0010cee8       0x88 /Users/sreechela/devkitpro/libctru/lib/libctru.a(fs.o)
 .bss           0x0010cf70        0x4 /Users/sreechela/devkitPro/devkitARM/bin/../lib/gcc/arm-none-eabi/5.3.0/../../../../arm-none-eabi/lib/armv6k/fpu/libsysbase.a(sbrk.o)
 .bss           0x0010cf74        0x8 /Users/sreechela/devkitPro/devkitARM/bin/../lib/gcc/arm-none-eabi/5.3.0/../../../../arm-none-eabi/lib/armv6k/fpu/libsysbase.a(malloc_vars.o)
                0x0010cf74                fake_heap_start
                0x0010cf78                fake_heap_end
 .bss           0x0010cf7c     0x1000 /Users/sreechela/devkitPro/devkitARM/bin/../lib/gcc/arm-none-eabi/5.3.0/../../../../arm-none-eabi/lib/armv6k/fpu/libsysbase.a(chdir.o)
 .bss           0x0010df7c       0x38 /Users/sreechela/devkitPro/devkitARM/bin/../lib/gcc/arm-none-eabi/5.3.0/../../../../arm-none-eabi/lib/armv6k/fpu/libsysbase.a(syscall_support.o)
                0x0010df7c                __syscalls
 *(.bss.*)
 .bss.__malloc_max_total_mem
                0x0010dfb4        0x4 /Users/sreechela/devkitPro/devkitARM/bin/../lib/gcc/arm-none-eabi/5.3.0/../../../../arm-none-eabi/lib/armv6k/fpu/libg.a(lib_a-mallocr.o)
                0x0010dfb4                __malloc_max_total_mem
 .bss.__malloc_max_sbrked_mem
                0x0010dfb8        0x4 /Users/sreechela/devkitPro/devkitARM/bin/../lib/gcc/arm-none-eabi/5.3.0/../../../../arm-none-eabi/lib/armv6k/fpu/libg.a(lib_a-mallocr.o)
                0x0010dfb8                __malloc_max_sbrked_mem
 .bss.__malloc_top_pad
                0x0010dfbc        0x4 /Users/sreechela/devkitPro/devkitARM/bin/../lib/gcc/arm-none-eabi/5.3.0/../../../../arm-none-eabi/lib/armv6k/fpu/libg.a(lib_a-mallocr.o)
                0x0010dfbc                __malloc_top_pad
 .bss.__malloc_current_mallinfo
                0x0010dfc0       0x28 /Users/sreechela/devkitPro/devkitARM/bin/../lib/gcc/arm-none-eabi/5.3.0/../../../../arm-none-eabi/lib/armv6k/fpu/libg.a(lib_a-mallocr.o)
                0x0010dfc0                __malloc_current_mallinfo
 *(.gnu.linkonce.b*)
 *(COMMON)
 COMMON         0x0010dfe8       0x60 /Users/sreechela/devkitpro/libctru/lib/libctru.a(gfx.o)
                0x0010dfe8                gfxBottomFramebuffers
                0x0010dff0                gspSharedMemHandle
                0x0010dff4                bottomFramebufferInfo
                0x0010e010                gspEvent
                0x0010e014                gfxTopLeftFramebuffers
                0x0010e01c                gfxTopRightFramebuffers
                0x0010e024                topFramebufferInfo
                0x0010e040                gfxThreadID
                0x0010e044                gfxSharedMemory
 COMMON         0x0010e048        0x4 /Users/sreechela/devkitpro/libctru/lib/libctru.a(gx.o)
                0x0010e048                gxCmdBuf
 COMMON         0x0010e04c        0x4 /Users/sreechela/devkitpro/libctru/lib/libctru.a(gspgpu.o)
                0x0010e04c                gspGpuHandle
 COMMON         0x0010e050       0x20 /Users/sreechela/devkitpro/libctru/lib/libctru.a(hid.o)
                0x0010e050                hidMemHandle
                0x0010e054                hidHandle
                0x0010e058                hidSharedMem
                0x0010e05c                hidEvents
 COMMON         0x0010e070       0x10 /Users/sreechela/devkitpro/libctru/lib/libctru.a(irrst.o)
                0x0010e070                irrstHandle
                0x0010e074                irrstEvent
                0x0010e078                irrstMemHandle
                0x0010e07c                irrstSharedMem
 COMMON         0x0010e080        0x8 /Users/sreechela/devkitpro/libctru/lib/libctru.a(initArgv.o)
                0x0010e080                __system_argv
                0x0010e084                __system_argc
 COMMON         0x0010e088        0x4 /Users/sreechela/devkitpro/libctru/lib/libctru.a(initSystem.o)
                0x0010e088                __system_retAddr
 COMMON         0x0010e08c       0x10 /Users/sreechela/devkitpro/libctru/lib/libctru.a(allocateHeaps.o)
                0x0010e08c                __ctru_heap_size
                0x0010e090                __ctru_linear_heap
                0x0010e094                __ctru_heap
                0x0010e098                __ctru_linear_heap_size
                0x0010e09c                . = ALIGN (0x4)
                0x0010e09c                __tls_start = .
                0x001114a8                . = (. + (SIZEOF (.tdata) + SIZEOF (.tbss)))
 *fill*         0x0010e09c     0x340c 
                0x001114a8                __tls_end = .
                0x001114a8                __bss_end__ = .
                0x001114a8                __end__ = ABSOLUTE (.)

/DISCARD/
 *(.group .comment .note)

.stab
 *(.stab)

.stabstr
 *(.stabstr)

.stab.excl
 *(.stab.excl)

.stab.exclstr
 *(.stab.exclstr)

.stab.index
 *(.stab.index)

.stab.indexstr
 *(.stab.indexstr)

.debug
 *(.debug)

.line
 *(.line)

.debug_srcinfo
 *(.debug_srcinfo)

.debug_sfnames
 *(.debug_sfnames)

.debug_aranges  0x00000000     0x1260
 *(.debug_aranges)
 .debug_aranges
                0x00000000       0x20 main.o
 .debug_aranges
                0x00000020       0xa0 /Users/sreechela/devkitpro/libctru/lib/libctru.a(gfx.o)
 .debug_aranges
                0x000000c0       0x48 /Users/sreechela/devkitpro/libctru/lib/libctru.a(gx.o)
 .debug_aranges
                0x00000108      0x1d8 /Users/sreechela/devkitpro/libctru/lib/libctru.a(apt.o)
 .debug_aranges
                0x000002e0       0xd8 /Users/sreechela/devkitpro/libctru/lib/libctru.a(gspgpu.o)
 .debug_aranges
                0x000003b8       0xb0 /Users/sreechela/devkitpro/libctru/lib/libctru.a(hid.o)
 .debug_aranges
                0x00000468       0x68 /Users/sreechela/devkitpro/libctru/lib/libctru.a(irrst.o)
 .debug_aranges
                0x000004d0       0x20 /Users/sreechela/devkitpro/libctru/lib/libctru.a(initArgv.o)
 .debug_aranges
                0x000004f0       0x20 /Users/sreechela/devkitpro/libctru/lib/libctru.a(initSystem.o)
 .debug_aranges
                0x00000510       0x28 /Users/sreechela/devkitpro/libctru/lib/libctru.a(syscalls.o)
 .debug_aranges
                0x00000538      0x290 /Users/sreechela/devkitpro/libctru/lib/libctru.a(svc.o)
 .debug_aranges
                0x000007c8       0x20 /Users/sreechela/devkitpro/libctru/lib/libctru.a(stack_adjust.o)
 .debug_aranges
                0x000007e8       0x50 /Users/sreechela/devkitpro/libctru/lib/libctru.a(linear.o)
 .debug_aranges
                0x00000838       0x40 /Users/sreechela/devkitpro/libctru/lib/libctru.a(mappable.o)
 .debug_aranges
                0x00000878       0x38 /Users/sreechela/devkitpro/libctru/lib/libctru.a(mem_pool.o)
 .debug_aranges
                0x000008b0       0x50 /Users/sreechela/devkitpro/libctru/lib/libctru.a(vram.o)
 .debug_aranges
                0x00000900       0x28 /Users/sreechela/devkitpro/libctru/lib/libctru.a(env.o)
 .debug_aranges
                0x00000928       0x68 /Users/sreechela/devkitpro/libctru/lib/libctru.a(os.o)
 .debug_aranges
                0x00000990       0xa8 /Users/sreechela/devkitpro/libctru/lib/libctru.a(srv.o)
 .debug_aranges
                0x00000a38       0xa8 /Users/sreechela/devkitpro/libctru/lib/libctru.a(synchronization.o)
 .debug_aranges
                0x00000ae0       0x58 /Users/sreechela/devkitpro/libctru/lib/libctru.a(thread.o)
 .debug_aranges
                0x00000b38       0x30 /Users/sreechela/devkitpro/libctru/lib/libctru.a(ptmsysm.o)
 .debug_aranges
                0x00000b68       0x20 /Users/sreechela/devkitpro/libctru/lib/libctru.a(rbtree_find.o)
 .debug_aranges
                0x00000b88       0x20 /Users/sreechela/devkitpro/libctru/lib/libctru.a(rbtree_init.o)
 .debug_aranges
                0x00000ba8       0x30 /Users/sreechela/devkitpro/libctru/lib/libctru.a(rbtree_insert.o)
 .debug_aranges
                0x00000bd8       0x20 /Users/sreechela/devkitpro/libctru/lib/libctru.a(rbtree_remove.o)
 .debug_aranges
                0x00000bf8       0x20 /Users/sreechela/devkitpro/libctru/lib/libctru.a(rbtree_rotate.o)
 .debug_aranges
                0x00000c18       0x28 /Users/sreechela/devkitpro/libctru/lib/libctru.a(allocateHeaps.o)
 .debug_aranges
                0x00000c40       0x20 /Users/sreechela/devkitpro/libctru/lib/libctru.a(appExit.o)
 .debug_aranges
                0x00000c60       0x20 /Users/sreechela/devkitpro/libctru/lib/libctru.a(appInit.o)
 .debug_aranges
                0x00000c80       0x20 /Users/sreechela/devkitpro/libctru/lib/libctru.a(ctru_exit.o)
 .debug_aranges
                0x00000ca0      0x108 /Users/sreechela/devkitpro/libctru/lib/libctru.a(sdmc_dev.o)
 .debug_aranges
                0x00000da8      0x3b0 /Users/sreechela/devkitpro/libctru/lib/libctru.a(fs.o)
 .debug_aranges
                0x00001158       0x28 /Users/sreechela/devkitpro/libctru/lib/libctru.a(rbtree_iterator.o)
 .debug_aranges
                0x00001180       0x20 /Users/sreechela/devkitpro/libctru/lib/libctru.a(decode_utf8.o)
 .debug_aranges
                0x000011a0       0x20 /Users/sreechela/devkitpro/libctru/lib/libctru.a(utf16_to_utf8.o)
 .debug_aranges
                0x000011c0       0x20 /Users/sreechela/devkitpro/libctru/lib/libctru.a(utf8_to_utf16.o)
 .debug_aranges
                0x000011e0       0x20 /Users/sreechela/devkitpro/libctru/lib/libctru.a(readtp.o)
 .debug_aranges
                0x00001200       0x20 /Users/sreechela/devkitpro/libctru/lib/libctru.a(decode_utf16.o)
 .debug_aranges
                0x00001220       0x20 /Users/sreechela/devkitpro/libctru/lib/libctru.a(encode_utf16.o)
 .debug_aranges
                0x00001240       0x20 /Users/sreechela/devkitpro/libctru/lib/libctru.a(encode_utf8.o)

.debug_pubnames
 *(.debug_pubnames)

.debug_info     0x00000000    0x19e59
 *(.debug_info)
 .debug_info    0x00000000      0x3a0 main.o
 .debug_info    0x000003a0      0xc1c /Users/sreechela/devkitpro/libctru/lib/libctru.a(gfx.o)
 .debug_info    0x00000fbc      0x455 /Users/sreechela/devkitpro/libctru/lib/libctru.a(gx.o)
 .debug_info    0x00001411     0x35b0 /Users/sreechela/devkitpro/libctru/lib/libctru.a(apt.o)
 .debug_info    0x000049c1     0x14cc /Users/sreechela/devkitpro/libctru/lib/libctru.a(gspgpu.o)
 .debug_info    0x00005e8d      0xde4 /Users/sreechela/devkitpro/libctru/lib/libctru.a(hid.o)
 .debug_info    0x00006c71      0x859 /Users/sreechela/devkitpro/libctru/lib/libctru.a(irrst.o)
 .debug_info    0x000074ca      0x1d2 /Users/sreechela/devkitpro/libctru/lib/libctru.a(initArgv.o)
 .debug_info    0x0000769c      0x1c0 /Users/sreechela/devkitpro/libctru/lib/libctru.a(initSystem.o)
 .debug_info    0x0000785c      0xd0f /Users/sreechela/devkitpro/libctru/lib/libctru.a(syscalls.o)
 .debug_info    0x0000856b       0x87 /Users/sreechela/devkitpro/libctru/lib/libctru.a(svc.o)
 .debug_info    0x000085f2       0x9b /Users/sreechela/devkitpro/libctru/lib/libctru.a(stack_adjust.o)
 .debug_info    0x0000868d      0x8d9 /Users/sreechela/devkitpro/libctru/lib/libctru.a(linear.o)
 .debug_info    0x00008f66      0x834 /Users/sreechela/devkitpro/libctru/lib/libctru.a(mappable.o)
 .debug_info    0x0000979a      0x8a8 /Users/sreechela/devkitpro/libctru/lib/libctru.a(mem_pool.o)
 .debug_info    0x0000a042      0x8c3 /Users/sreechela/devkitpro/libctru/lib/libctru.a(vram.o)
 .debug_info    0x0000a905      0x271 /Users/sreechela/devkitpro/libctru/lib/libctru.a(env.o)
 .debug_info    0x0000ab76      0xd4e /Users/sreechela/devkitpro/libctru/lib/libctru.a(os.o)
 .debug_info    0x0000b8c4      0xc9f /Users/sreechela/devkitpro/libctru/lib/libctru.a(srv.o)
 .debug_info    0x0000c563     0x10ce /Users/sreechela/devkitpro/libctru/lib/libctru.a(synchronization.o)
 .debug_info    0x0000d631     0x100b /Users/sreechela/devkitpro/libctru/lib/libctru.a(thread.o)
 .debug_info    0x0000e63c      0x29f /Users/sreechela/devkitpro/libctru/lib/libctru.a(ptmsysm.o)
 .debug_info    0x0000e8db      0x1d0 /Users/sreechela/devkitpro/libctru/lib/libctru.a(rbtree_find.o)
 .debug_info    0x0000eaab      0x17f /Users/sreechela/devkitpro/libctru/lib/libctru.a(rbtree_init.o)
 .debug_info    0x0000ec2a      0x5ef /Users/sreechela/devkitpro/libctru/lib/libctru.a(rbtree_insert.o)
 .debug_info    0x0000f219      0x7cf /Users/sreechela/devkitpro/libctru/lib/libctru.a(rbtree_remove.o)
 .debug_info    0x0000f9e8      0x2b2 /Users/sreechela/devkitpro/libctru/lib/libctru.a(rbtree_rotate.o)
 .debug_info    0x0000fc9a      0x469 /Users/sreechela/devkitpro/libctru/lib/libctru.a(allocateHeaps.o)
 .debug_info    0x00010103       0xf7 /Users/sreechela/devkitpro/libctru/lib/libctru.a(appExit.o)
 .debug_info    0x000101fa       0xf7 /Users/sreechela/devkitpro/libctru/lib/libctru.a(appInit.o)
 .debug_info    0x000102f1      0x25b /Users/sreechela/devkitpro/libctru/lib/libctru.a(ctru_exit.o)
 .debug_info    0x0001054c     0x29e5 /Users/sreechela/devkitpro/libctru/lib/libctru.a(sdmc_dev.o)
 .debug_info    0x00012f31     0x63c7 /Users/sreechela/devkitpro/libctru/lib/libctru.a(fs.o)
 .debug_info    0x000192f8      0x2ee /Users/sreechela/devkitpro/libctru/lib/libctru.a(rbtree_iterator.o)
 .debug_info    0x000195e6      0x143 /Users/sreechela/devkitpro/libctru/lib/libctru.a(decode_utf8.o)
 .debug_info    0x00019729      0x1c0 /Users/sreechela/devkitpro/libctru/lib/libctru.a(utf16_to_utf8.o)
 .debug_info    0x000198e9      0x1c0 /Users/sreechela/devkitpro/libctru/lib/libctru.a(utf8_to_utf16.o)
 .debug_info    0x00019aa9       0x95 /Users/sreechela/devkitpro/libctru/lib/libctru.a(readtp.o)
 .debug_info    0x00019b3e      0x123 /Users/sreechela/devkitpro/libctru/lib/libctru.a(decode_utf16.o)
 .debug_info    0x00019c61       0xfc /Users/sreechela/devkitpro/libctru/lib/libctru.a(encode_utf16.o)
 .debug_info    0x00019d5d       0xfc /Users/sreechela/devkitpro/libctru/lib/libctru.a(encode_utf8.o)

.debug_abbrev   0x00000000     0x4bb2
 *(.debug_abbrev)
 .debug_abbrev  0x00000000      0x112 main.o
 .debug_abbrev  0x00000112      0x2e1 /Users/sreechela/devkitpro/libctru/lib/libctru.a(gfx.o)
 .debug_abbrev  0x000003f3       0xee /Users/sreechela/devkitpro/libctru/lib/libctru.a(gx.o)
 .debug_abbrev  0x000004e1      0x587 /Users/sreechela/devkitpro/libctru/lib/libctru.a(apt.o)
 .debug_abbrev  0x00000a68      0x3db /Users/sreechela/devkitpro/libctru/lib/libctru.a(gspgpu.o)
 .debug_abbrev  0x00000e43      0x30b /Users/sreechela/devkitpro/libctru/lib/libctru.a(hid.o)
 .debug_abbrev  0x0000114e      0x2b5 /Users/sreechela/devkitpro/libctru/lib/libctru.a(irrst.o)
 .debug_abbrev  0x00001403      0x10e /Users/sreechela/devkitpro/libctru/lib/libctru.a(initArgv.o)
 .debug_abbrev  0x00001511      0x10b /Users/sreechela/devkitpro/libctru/lib/libctru.a(initSystem.o)
 .debug_abbrev  0x0000161c      0x2b7 /Users/sreechela/devkitpro/libctru/lib/libctru.a(syscalls.o)
 .debug_abbrev  0x000018d3       0x12 /Users/sreechela/devkitpro/libctru/lib/libctru.a(svc.o)
 .debug_abbrev  0x000018e5       0x14 /Users/sreechela/devkitpro/libctru/lib/libctru.a(stack_adjust.o)
 .debug_abbrev  0x000018f9      0x2df /Users/sreechela/devkitpro/libctru/lib/libctru.a(linear.o)
 .debug_abbrev  0x00001bd8      0x2bf /Users/sreechela/devkitpro/libctru/lib/libctru.a(mappable.o)
 .debug_abbrev  0x00001e97      0x269 /Users/sreechela/devkitpro/libctru/lib/libctru.a(mem_pool.o)
 .debug_abbrev  0x00002100      0x2ce /Users/sreechela/devkitpro/libctru/lib/libctru.a(vram.o)
 .debug_abbrev  0x000023ce      0x1a2 /Users/sreechela/devkitpro/libctru/lib/libctru.a(env.o)
 .debug_abbrev  0x00002570      0x2d6 /Users/sreechela/devkitpro/libctru/lib/libctru.a(os.o)
 .debug_abbrev  0x00002846      0x230 /Users/sreechela/devkitpro/libctru/lib/libctru.a(srv.o)
 .debug_abbrev  0x00002a76      0x2eb /Users/sreechela/devkitpro/libctru/lib/libctru.a(synchronization.o)
 .debug_abbrev  0x00002d61      0x3a9 /Users/sreechela/devkitpro/libctru/lib/libctru.a(thread.o)
 .debug_abbrev  0x0000310a      0x1a4 /Users/sreechela/devkitpro/libctru/lib/libctru.a(ptmsysm.o)
 .debug_abbrev  0x000032ae       0xec /Users/sreechela/devkitpro/libctru/lib/libctru.a(rbtree_find.o)
 .debug_abbrev  0x0000339a       0xb0 /Users/sreechela/devkitpro/libctru/lib/libctru.a(rbtree_init.o)
 .debug_abbrev  0x0000344a      0x226 /Users/sreechela/devkitpro/libctru/lib/libctru.a(rbtree_insert.o)
 .debug_abbrev  0x00003670      0x1f2 /Users/sreechela/devkitpro/libctru/lib/libctru.a(rbtree_remove.o)
 .debug_abbrev  0x00003862      0x172 /Users/sreechela/devkitpro/libctru/lib/libctru.a(rbtree_rotate.o)
 .debug_abbrev  0x000039d4      0x1ba /Users/sreechela/devkitpro/libctru/lib/libctru.a(allocateHeaps.o)
 .debug_abbrev  0x00003b8e       0x6c /Users/sreechela/devkitpro/libctru/lib/libctru.a(appExit.o)
 .debug_abbrev  0x00003bfa       0x6c /Users/sreechela/devkitpro/libctru/lib/libctru.a(appInit.o)
 .debug_abbrev  0x00003c66      0x11c /Users/sreechela/devkitpro/libctru/lib/libctru.a(ctru_exit.o)
 .debug_abbrev  0x00003d82      0x425 /Users/sreechela/devkitpro/libctru/lib/libctru.a(sdmc_dev.o)
 .debug_abbrev  0x000041a7      0x4da /Users/sreechela/devkitpro/libctru/lib/libctru.a(fs.o)
 .debug_abbrev  0x00004681      0x176 /Users/sreechela/devkitpro/libctru/lib/libctru.a(rbtree_iterator.o)
 .debug_abbrev  0x000047f7       0x7f /Users/sreechela/devkitpro/libctru/lib/libctru.a(decode_utf8.o)
 .debug_abbrev  0x00004876       0xe4 /Users/sreechela/devkitpro/libctru/lib/libctru.a(utf16_to_utf8.o)
 .debug_abbrev  0x0000495a       0xe4 /Users/sreechela/devkitpro/libctru/lib/libctru.a(utf8_to_utf16.o)
 .debug_abbrev  0x00004a3e       0x14 /Users/sreechela/devkitpro/libctru/lib/libctru.a(readtp.o)
 .debug_abbrev  0x00004a52       0x8e /Users/sreechela/devkitpro/libctru/lib/libctru.a(decode_utf16.o)
 .debug_abbrev  0x00004ae0       0x69 /Users/sreechela/devkitpro/libctru/lib/libctru.a(encode_utf16.o)
 .debug_abbrev  0x00004b49       0x69 /Users/sreechela/devkitpro/libctru/lib/libctru.a(encode_utf8.o)

.debug_line     0x00000000     0x909e
 *(.debug_line)
 .debug_line    0x00000000      0x1aa main.o
 .debug_line    0x000001aa      0x475 /Users/sreechela/devkitpro/libctru/lib/libctru.a(gfx.o)
 .debug_line    0x0000061f      0x259 /Users/sreechela/devkitpro/libctru/lib/libctru.a(gx.o)
 .debug_line    0x00000878      0xce1 /Users/sreechela/devkitpro/libctru/lib/libctru.a(apt.o)
 .debug_line    0x00001559      0x679 /Users/sreechela/devkitpro/libctru/lib/libctru.a(gspgpu.o)
 .debug_line    0x00001bd2      0x466 /Users/sreechela/devkitpro/libctru/lib/libctru.a(hid.o)
 .debug_line    0x00002038      0x35c /Users/sreechela/devkitpro/libctru/lib/libctru.a(irrst.o)
 .debug_line    0x00002394      0x1ae /Users/sreechela/devkitpro/libctru/lib/libctru.a(initArgv.o)
 .debug_line    0x00002542      0x163 /Users/sreechela/devkitpro/libctru/lib/libctru.a(initSystem.o)
 .debug_line    0x000026a5      0x2e2 /Users/sreechela/devkitpro/libctru/lib/libctru.a(syscalls.o)
 .debug_line    0x00002987      0x62d /Users/sreechela/devkitpro/libctru/lib/libctru.a(svc.o)
 .debug_line    0x00002fb4       0x8c /Users/sreechela/devkitpro/libctru/lib/libctru.a(stack_adjust.o)
 .debug_line    0x00003040      0x2f2 /Users/sreechela/devkitpro/libctru/lib/libctru.a(linear.o)
 .debug_line    0x00003332      0x2b4 /Users/sreechela/devkitpro/libctru/lib/libctru.a(mappable.o)
 .debug_line    0x000035e6      0x2ec /Users/sreechela/devkitpro/libctru/lib/libctru.a(mem_pool.o)
 .debug_line    0x000038d2      0x2ef /Users/sreechela/devkitpro/libctru/lib/libctru.a(vram.o)
 .debug_line    0x00003bc1      0x18a /Users/sreechela/devkitpro/libctru/lib/libctru.a(env.o)
 .debug_line    0x00003d4b      0x346 /Users/sreechela/devkitpro/libctru/lib/libctru.a(os.o)
 .debug_line    0x00004091      0x3dd /Users/sreechela/devkitpro/libctru/lib/libctru.a(srv.o)
 .debug_line    0x0000446e      0x545 /Users/sreechela/devkitpro/libctru/lib/libctru.a(synchronization.o)
 .debug_line    0x000049b3      0x35a /Users/sreechela/devkitpro/libctru/lib/libctru.a(thread.o)
 .debug_line    0x00004d0d      0x1a7 /Users/sreechela/devkitpro/libctru/lib/libctru.a(ptmsysm.o)
 .debug_line    0x00004eb4      0x1c4 /Users/sreechela/devkitpro/libctru/lib/libctru.a(rbtree_find.o)
 .debug_line    0x00005078      0x1b2 /Users/sreechela/devkitpro/libctru/lib/libctru.a(rbtree_init.o)
 .debug_line    0x0000522a      0x285 /Users/sreechela/devkitpro/libctru/lib/libctru.a(rbtree_insert.o)
 .debug_line    0x000054af      0x318 /Users/sreechela/devkitpro/libctru/lib/libctru.a(rbtree_remove.o)
 .debug_line    0x000057c7      0x207 /Users/sreechela/devkitpro/libctru/lib/libctru.a(rbtree_rotate.o)
 .debug_line    0x000059ce      0x1c8 /Users/sreechela/devkitpro/libctru/lib/libctru.a(allocateHeaps.o)
 .debug_line    0x00005b96      0x111 /Users/sreechela/devkitpro/libctru/lib/libctru.a(appExit.o)
 .debug_line    0x00005ca7      0x111 /Users/sreechela/devkitpro/libctru/lib/libctru.a(appInit.o)
 .debug_line    0x00005db8      0x16f /Users/sreechela/devkitpro/libctru/lib/libctru.a(ctru_exit.o)
 .debug_line    0x00005f27      0x7e3 /Users/sreechela/devkitpro/libctru/lib/libctru.a(sdmc_dev.o)
 .debug_line    0x0000670a     0x1ce7 /Users/sreechela/devkitpro/libctru/lib/libctru.a(fs.o)
 .debug_line    0x000083f1      0x1bd /Users/sreechela/devkitpro/libctru/lib/libctru.a(rbtree_iterator.o)
 .debug_line    0x000085ae      0x1a0 /Users/sreechela/devkitpro/libctru/lib/libctru.a(decode_utf8.o)
 .debug_line    0x0000874e      0x22a /Users/sreechela/devkitpro/libctru/lib/libctru.a(utf16_to_utf8.o)
 .debug_line    0x00008978      0x224 /Users/sreechela/devkitpro/libctru/lib/libctru.a(utf8_to_utf16.o)
 .debug_line    0x00008b9c       0x6e /Users/sreechela/devkitpro/libctru/lib/libctru.a(readtp.o)
 .debug_line    0x00008c0a      0x173 /Users/sreechela/devkitpro/libctru/lib/libctru.a(decode_utf16.o)
 .debug_line    0x00008d7d      0x17d /Users/sreechela/devkitpro/libctru/lib/libctru.a(encode_utf16.o)
 .debug_line    0x00008efa      0x1a4 /Users/sreechela/devkitpro/libctru/lib/libctru.a(encode_utf8.o)

.debug_frame    0x00000000     0x2dbc
 *(.debug_frame)
 .debug_frame   0x00000000       0x2c main.o
 .debug_frame   0x0000002c      0x1bc /Users/sreechela/devkitpro/libctru/lib/libctru.a(gfx.o)
 .debug_frame   0x000001e8       0xd8 /Users/sreechela/devkitpro/libctru/lib/libctru.a(gx.o)
 .debug_frame   0x000002c0      0x718 /Users/sreechela/devkitpro/libctru/lib/libctru.a(apt.o)
 .debug_frame   0x000009d8      0x2ac /Users/sreechela/devkitpro/libctru/lib/libctru.a(gspgpu.o)
 .debug_frame   0x00000c84      0x204 /Users/sreechela/devkitpro/libctru/lib/libctru.a(hid.o)
 .debug_frame   0x00000e88      0x114 /Users/sreechela/devkitpro/libctru/lib/libctru.a(irrst.o)
 .debug_frame   0x00000f9c       0x2c /Users/sreechela/devkitpro/libctru/lib/libctru.a(initArgv.o)
 .debug_frame   0x00000fc8       0x2c /Users/sreechela/devkitpro/libctru/lib/libctru.a(initSystem.o)
 .debug_frame   0x00000ff4       0x4c /Users/sreechela/devkitpro/libctru/lib/libctru.a(syscalls.o)
 .debug_frame   0x00001040       0xc0 /Users/sreechela/devkitpro/libctru/lib/libctru.a(linear.o)
 .debug_frame   0x00001100       0x88 /Users/sreechela/devkitpro/libctru/lib/libctru.a(mappable.o)
 .debug_frame   0x00001188       0xa8 /Users/sreechela/devkitpro/libctru/lib/libctru.a(mem_pool.o)
 .debug_frame   0x00001230       0xb4 /Users/sreechela/devkitpro/libctru/lib/libctru.a(vram.o)
 .debug_frame   0x000012e4       0x50 /Users/sreechela/devkitpro/libctru/lib/libctru.a(env.o)
 .debug_frame   0x00001334      0x100 /Users/sreechela/devkitpro/libctru/lib/libctru.a(os.o)
 .debug_frame   0x00001434      0x1f8 /Users/sreechela/devkitpro/libctru/lib/libctru.a(srv.o)
 .debug_frame   0x0000162c      0x1c8 /Users/sreechela/devkitpro/libctru/lib/libctru.a(synchronization.o)
 .debug_frame   0x000017f4       0xdc /Users/sreechela/devkitpro/libctru/lib/libctru.a(thread.o)
 .debug_frame   0x000018d0       0x50 /Users/sreechela/devkitpro/libctru/lib/libctru.a(ptmsysm.o)
 .debug_frame   0x00001920       0x30 /Users/sreechela/devkitpro/libctru/lib/libctru.a(rbtree_find.o)
 .debug_frame   0x00001950       0x20 /Users/sreechela/devkitpro/libctru/lib/libctru.a(rbtree_init.o)
 .debug_frame   0x00001970       0x54 /Users/sreechela/devkitpro/libctru/lib/libctru.a(rbtree_insert.o)
 .debug_frame   0x000019c4       0x40 /Users/sreechela/devkitpro/libctru/lib/libctru.a(rbtree_remove.o)
 .debug_frame   0x00001a04       0x2c /Users/sreechela/devkitpro/libctru/lib/libctru.a(rbtree_rotate.o)
 .debug_frame   0x00001a30       0x54 /Users/sreechela/devkitpro/libctru/lib/libctru.a(allocateHeaps.o)
 .debug_frame   0x00001a84       0x2c /Users/sreechela/devkitpro/libctru/lib/libctru.a(appExit.o)
 .debug_frame   0x00001ab0       0x2c /Users/sreechela/devkitpro/libctru/lib/libctru.a(appInit.o)
 .debug_frame   0x00001adc       0x28 /Users/sreechela/devkitpro/libctru/lib/libctru.a(ctru_exit.o)
 .debug_frame   0x00001b04      0x43c /Users/sreechela/devkitpro/libctru/lib/libctru.a(sdmc_dev.o)
 .debug_frame   0x00001f40      0xd3c /Users/sreechela/devkitpro/libctru/lib/libctru.a(fs.o)
 .debug_frame   0x00002c7c       0x30 /Users/sreechela/devkitpro/libctru/lib/libctru.a(rbtree_iterator.o)
 .debug_frame   0x00002cac       0x30 /Users/sreechela/devkitpro/libctru/lib/libctru.a(decode_utf8.o)
 .debug_frame   0x00002cdc       0x3c /Users/sreechela/devkitpro/libctru/lib/libctru.a(utf16_to_utf8.o)
 .debug_frame   0x00002d18       0x3c /Users/sreechela/devkitpro/libctru/lib/libctru.a(utf8_to_utf16.o)
 .debug_frame   0x00002d54       0x28 /Users/sreechela/devkitpro/libctru/lib/libctru.a(decode_utf16.o)
 .debug_frame   0x00002d7c       0x20 /Users/sreechela/devkitpro/libctru/lib/libctru.a(encode_utf16.o)
 .debug_frame   0x00002d9c       0x20 /Users/sreechela/devkitpro/libctru/lib/libctru.a(encode_utf8.o)

.debug_str      0x00000000     0x5be0
 *(.debug_str)
 .debug_str     0x00000000      0x3f7 main.o
                                0x466 (size before relaxing)
 .debug_str     0x000003f7      0x5ad /Users/sreechela/devkitpro/libctru/lib/libctru.a(gfx.o)
                                0x7b9 (size before relaxing)
 .debug_str     0x000009a4      0x13e /Users/sreechela/devkitpro/libctru/lib/libctru.a(gx.o)
                                0x2cf (size before relaxing)
 .debug_str     0x00000ae2     0x11fc /Users/sreechela/devkitpro/libctru/lib/libctru.a(apt.o)
                               0x1504 (size before relaxing)
 .debug_str     0x00001cde      0x3c0 /Users/sreechela/devkitpro/libctru/lib/libctru.a(gspgpu.o)
                                0x9f8 (size before relaxing)
 .debug_str     0x0000209e      0x36f /Users/sreechela/devkitpro/libctru/lib/libctru.a(hid.o)
                                0x7a3 (size before relaxing)
 .debug_str     0x0000240d      0x11e /Users/sreechela/devkitpro/libctru/lib/libctru.a(irrst.o)
                                0x52d (size before relaxing)
 .debug_str     0x0000252b       0xa8 /Users/sreechela/devkitpro/libctru/lib/libctru.a(initArgv.o)
                                0x262 (size before relaxing)
 .debug_str     0x000025d3       0x99 /Users/sreechela/devkitpro/libctru/lib/libctru.a(initSystem.o)
                                0x275 (size before relaxing)
 .debug_str     0x0000266c      0x5b2 /Users/sreechela/devkitpro/libctru/lib/libctru.a(syscalls.o)
                                0x84c (size before relaxing)
 .debug_str     0x00002c1e      0x483 /Users/sreechela/devkitpro/libctru/lib/libctru.a(linear.o)
                                0x5b7 (size before relaxing)
 .debug_str     0x000030a1       0x73 /Users/sreechela/devkitpro/libctru/lib/libctru.a(mappable.o)
                                0x56b (size before relaxing)
 .debug_str     0x00003114       0x89 /Users/sreechela/devkitpro/libctru/lib/libctru.a(mem_pool.o)
                                0x453 (size before relaxing)
 .debug_str     0x0000319d       0x8f /Users/sreechela/devkitpro/libctru/lib/libctru.a(vram.o)
                                0x57c (size before relaxing)
 .debug_str     0x0000322c       0x77 /Users/sreechela/devkitpro/libctru/lib/libctru.a(env.o)
                                0x251 (size before relaxing)
 .debug_str     0x000032a3      0x1bf /Users/sreechela/devkitpro/libctru/lib/libctru.a(os.o)
                                0x7d9 (size before relaxing)
 .debug_str     0x00003462      0x208 /Users/sreechela/devkitpro/libctru/lib/libctru.a(srv.o)
                                0x51b (size before relaxing)
 .debug_str     0x0000366a      0x172 /Users/sreechela/devkitpro/libctru/lib/libctru.a(synchronization.o)
                                0x4e2 (size before relaxing)
 .debug_str     0x000037dc      0x14c /Users/sreechela/devkitpro/libctru/lib/libctru.a(thread.o)
                                0x804 (size before relaxing)
 .debug_str     0x00003928       0x60 /Users/sreechela/devkitpro/libctru/lib/libctru.a(ptmsysm.o)
                                0x2d1 (size before relaxing)
 .debug_str     0x00003988       0x4e /Users/sreechela/devkitpro/libctru/lib/libctru.a(rbtree_find.o)
                                0x222 (size before relaxing)
 .debug_str     0x000039d6       0x49 /Users/sreechela/devkitpro/libctru/lib/libctru.a(rbtree_init.o)
                                0x218 (size before relaxing)
 .debug_str     0x00003a1f       0xf2 /Users/sreechela/devkitpro/libctru/lib/libctru.a(rbtree_insert.o)
                                0x2da (size before relaxing)
 .debug_str     0x00003b11       0x99 /Users/sreechela/devkitpro/libctru/lib/libctru.a(rbtree_remove.o)
                                0x2f8 (size before relaxing)
 .debug_str     0x00003baa       0x4b /Users/sreechela/devkitpro/libctru/lib/libctru.a(rbtree_rotate.o)
                                0x26f (size before relaxing)
 .debug_str     0x00003bf5      0x18e /Users/sreechela/devkitpro/libctru/lib/libctru.a(allocateHeaps.o)
                                0x45f (size before relaxing)
 .debug_str     0x00003d83       0x5a /Users/sreechela/devkitpro/libctru/lib/libctru.a(appExit.o)
                                0x1ad (size before relaxing)
 .debug_str     0x00003ddd       0x5a /Users/sreechela/devkitpro/libctru/lib/libctru.a(appInit.o)
                                0x1ad (size before relaxing)
 .debug_str     0x00003e37       0x51 /Users/sreechela/devkitpro/libctru/lib/libctru.a(ctru_exit.o)
                                0x355 (size before relaxing)
 .debug_str     0x00003e88      0xb39 /Users/sreechela/devkitpro/libctru/lib/libctru.a(sdmc_dev.o)
                               0x11c7 (size before relaxing)
 .debug_str     0x000049c1      0xfc6 /Users/sreechela/devkitpro/libctru/lib/libctru.a(fs.o)
                               0x1c87 (size before relaxing)
 .debug_str     0x00005987       0x69 /Users/sreechela/devkitpro/libctru/lib/libctru.a(rbtree_iterator.o)
                                0x222 (size before relaxing)
 .debug_str     0x000059f0       0x5e /Users/sreechela/devkitpro/libctru/lib/libctru.a(decode_utf8.o)
                                0x1dc (size before relaxing)
 .debug_str     0x00005a4e       0x69 /Users/sreechela/devkitpro/libctru/lib/libctru.a(utf16_to_utf8.o)
                                0x20f (size before relaxing)
 .debug_str     0x00005ab7       0x55 /Users/sreechela/devkitpro/libctru/lib/libctru.a(utf8_to_utf16.o)
                                0x20f (size before relaxing)
 .debug_str     0x00005b0c       0x47 /Users/sreechela/devkitpro/libctru/lib/libctru.a(decode_utf16.o)
                                0x1d4 (size before relaxing)
 .debug_str     0x00005b53       0x47 /Users/sreechela/devkitpro/libctru/lib/libctru.a(encode_utf16.o)
                                0x1c8 (size before relaxing)
 .debug_str     0x00005b9a       0x46 /Users/sreechela/devkitpro/libctru/lib/libctru.a(encode_utf8.o)
                                0x1c4 (size before relaxing)

.debug_loc      0x00000000     0xb8c9
 *(.debug_loc)
 .debug_loc     0x00000000       0x31 main.o
 .debug_loc     0x00000031      0x34b /Users/sreechela/devkitpro/libctru/lib/libctru.a(gfx.o)
 .debug_loc     0x0000037c      0x366 /Users/sreechela/devkitpro/libctru/lib/libctru.a(gx.o)
 .debug_loc     0x000006e2     0x1690 /Users/sreechela/devkitpro/libctru/lib/libctru.a(apt.o)
 .debug_loc     0x00001d72      0x9f6 /Users/sreechela/devkitpro/libctru/lib/libctru.a(gspgpu.o)
 .debug_loc     0x00002768      0x7bb /Users/sreechela/devkitpro/libctru/lib/libctru.a(hid.o)
 .debug_loc     0x00002f23      0x3ab /Users/sreechela/devkitpro/libctru/lib/libctru.a(irrst.o)
 .debug_loc     0x000032ce       0xfb /Users/sreechela/devkitpro/libctru/lib/libctru.a(initArgv.o)
 .debug_loc     0x000033c9       0x21 /Users/sreechela/devkitpro/libctru/lib/libctru.a(initSystem.o)
 .debug_loc     0x000033ea       0x23 /Users/sreechela/devkitpro/libctru/lib/libctru.a(syscalls.o)
 .debug_loc     0x0000340d      0x2ec /Users/sreechela/devkitpro/libctru/lib/libctru.a(linear.o)
 .debug_loc     0x000036f9      0x1bf /Users/sreechela/devkitpro/libctru/lib/libctru.a(mappable.o)
 .debug_loc     0x000038b8      0x8d3 /Users/sreechela/devkitpro/libctru/lib/libctru.a(mem_pool.o)
 .debug_loc     0x0000418b      0x2f2 /Users/sreechela/devkitpro/libctru/lib/libctru.a(vram.o)
 .debug_loc     0x0000447d      0x149 /Users/sreechela/devkitpro/libctru/lib/libctru.a(env.o)
 .debug_loc     0x000045c6      0x2e4 /Users/sreechela/devkitpro/libctru/lib/libctru.a(os.o)
 .debug_loc     0x000048aa      0x5b1 /Users/sreechela/devkitpro/libctru/lib/libctru.a(srv.o)
 .debug_loc     0x00004e5b      0x954 /Users/sreechela/devkitpro/libctru/lib/libctru.a(synchronization.o)
 .debug_loc     0x000057af      0x398 /Users/sreechela/devkitpro/libctru/lib/libctru.a(thread.o)
 .debug_loc     0x00005b47       0x34 /Users/sreechela/devkitpro/libctru/lib/libctru.a(ptmsysm.o)
 .debug_loc     0x00005b7b      0x10d /Users/sreechela/devkitpro/libctru/lib/libctru.a(rbtree_find.o)
 .debug_loc     0x00005c88      0x3ec /Users/sreechela/devkitpro/libctru/lib/libctru.a(rbtree_insert.o)
 .debug_loc     0x00006074      0x4b0 /Users/sreechela/devkitpro/libctru/lib/libctru.a(rbtree_remove.o)
 .debug_loc     0x00006524       0xa1 /Users/sreechela/devkitpro/libctru/lib/libctru.a(rbtree_rotate.o)
 .debug_loc     0x000065c5       0x49 /Users/sreechela/devkitpro/libctru/lib/libctru.a(allocateHeaps.o)
 .debug_loc     0x0000660e       0x21 /Users/sreechela/devkitpro/libctru/lib/libctru.a(ctru_exit.o)
 .debug_loc     0x0000662f     0x147a /Users/sreechela/devkitpro/libctru/lib/libctru.a(sdmc_dev.o)
 .debug_loc     0x00007aa9     0x334a /Users/sreechela/devkitpro/libctru/lib/libctru.a(fs.o)
 .debug_loc     0x0000adf3      0x39c /Users/sreechela/devkitpro/libctru/lib/libctru.a(rbtree_iterator.o)
 .debug_loc     0x0000b18f      0x232 /Users/sreechela/devkitpro/libctru/lib/libctru.a(decode_utf8.o)
 .debug_loc     0x0000b3c1       0xec /Users/sreechela/devkitpro/libctru/lib/libctru.a(utf16_to_utf8.o)
 .debug_loc     0x0000b4ad       0xd2 /Users/sreechela/devkitpro/libctru/lib/libctru.a(utf8_to_utf16.o)
 .debug_loc     0x0000b57f       0xc4 /Users/sreechela/devkitpro/libctru/lib/libctru.a(decode_utf16.o)
 .debug_loc     0x0000b643       0xdc /Users/sreechela/devkitpro/libctru/lib/libctru.a(encode_utf16.o)
 .debug_loc     0x0000b71f      0x1aa /Users/sreechela/devkitpro/libctru/lib/libctru.a(encode_utf8.o)

.debug_macinfo
 *(.debug_macinfo)
LOAD /Users/sreechela/devkitPro/devkitARM/bin/../lib/gcc/arm-none-eabi/5.3.0/../../../../arm-none-eabi/lib/armv6k/fpu/3dsx_crt0.o
LOAD /Users/sreechela/devkitPro/devkitARM/bin/../lib/gcc/arm-none-eabi/5.3.0/armv6k/fpu/crti.o
LOAD /Users/sreechela/devkitPro/devkitARM/bin/../lib/gcc/arm-none-eabi/5.3.0/armv6k/fpu/crtbegin.o
LOAD main.o
LOAD /Users/sreechela/devkitpro/libctru/lib/libctru.a
LOAD /Users/sreechela/devkitPro/devkitARM/bin/../lib/gcc/arm-none-eabi/5.3.0/../../../../arm-none-eabi/lib/armv6k/fpu/libstdc++.a
LOAD /Users/sreechela/devkitPro/devkitARM/bin/../lib/gcc/arm-none-eabi/5.3.0/../../../../arm-none-eabi/lib/armv6k/fpu/libm.a
START GROUP
LOAD /Users/sreechela/devkitPro/devkitARM/bin/../lib/gcc/arm-none-eabi/5.3.0/armv6k/fpu/libgcc.a
LOAD /Users/sreechela/devkitPro/devkitARM/bin/../lib/gcc/arm-none-eabi/5.3.0/../../../../arm-none-eabi/lib/armv6k/fpu/libg.a
LOAD /Users/sreechela/devkitPro/devkitARM/bin/../lib/gcc/arm-none-eabi/5.3.0/../../../../arm-none-eabi/lib/armv6k/fpu/libc.a
LOAD /Users/sreechela/devkitPro/devkitARM/bin/../lib/gcc/arm-none-eabi/5.3.0/../../../../arm-none-eabi/lib/armv6k/fpu/libsysbase.a
END GROUP
LOAD /Users/sreechela/devkitPro/devkitARM/bin/../lib/gcc/arm-none-eabi/5.3.0/armv6k/fpu/crtend.o
LOAD /Users/sreechela/devkitPro/devkitARM/bin/../lib/gcc/arm-none-eabi/5.3.0/armv6k/fpu/crtn.o
OUTPUT(/Users/sreechela/ws/3ds/jpt/jpt.elf elf32-littlearm)

.ARM.attributes
                0x00000000       0x30
 .ARM.attributes
                0x00000000       0x1e /Users/sreechela/devkitPro/devkitARM/bin/../lib/gcc/arm-none-eabi/5.3.0/../../../../arm-none-eabi/lib/armv6k/fpu/3dsx_crt0.o
 .ARM.attributes
                0x0000001e       0x1c /Users/sreechela/devkitPro/devkitARM/bin/../lib/gcc/arm-none-eabi/5.3.0/armv6k/fpu/crti.o
 .ARM.attributes
                0x0000003a       0x30 /Users/sreechela/devkitPro/devkitARM/bin/../lib/gcc/arm-none-eabi/5.3.0/armv6k/fpu/crtbegin.o
 .ARM.attributes
                0x0000006a       0x30 main.o
 .ARM.attributes
                0x0000009a       0x30 /Users/sreechela/devkitpro/libctru/lib/libctru.a(gfx.o)
 .ARM.attributes
                0x000000ca       0x30 /Users/sreechela/devkitpro/libctru/lib/libctru.a(gx.o)
 .ARM.attributes
                0x000000fa       0x30 /Users/sreechela/devkitpro/libctru/lib/libctru.a(apt.o)
 .ARM.attributes
                0x0000012a       0x30 /Users/sreechela/devkitpro/libctru/lib/libctru.a(gspgpu.o)
 .ARM.attributes
                0x0000015a       0x30 /Users/sreechela/devkitpro/libctru/lib/libctru.a(hid.o)
 .ARM.attributes
                0x0000018a       0x30 /Users/sreechela/devkitpro/libctru/lib/libctru.a(irrst.o)
 .ARM.attributes
                0x000001ba       0x30 /Users/sreechela/devkitpro/libctru/lib/libctru.a(initArgv.o)
 .ARM.attributes
                0x000001ea       0x30 /Users/sreechela/devkitpro/libctru/lib/libctru.a(initSystem.o)
 .ARM.attributes
                0x0000021a       0x30 /Users/sreechela/devkitpro/libctru/lib/libctru.a(syscalls.o)
 .ARM.attributes
                0x0000024a       0x1a /Users/sreechela/devkitpro/libctru/lib/libctru.a(svc.o)
 .ARM.attributes
                0x00000264       0x1a /Users/sreechela/devkitpro/libctru/lib/libctru.a(stack_adjust.o)
 .ARM.attributes
                0x0000027e       0x30 /Users/sreechela/devkitpro/libctru/lib/libctru.a(linear.o)
 .ARM.attributes
                0x000002ae       0x30 /Users/sreechela/devkitpro/libctru/lib/libctru.a(mappable.o)
 .ARM.attributes
                0x000002de       0x30 /Users/sreechela/devkitpro/libctru/lib/libctru.a(mem_pool.o)
 .ARM.attributes
                0x0000030e       0x30 /Users/sreechela/devkitpro/libctru/lib/libctru.a(vram.o)
 .ARM.attributes
                0x0000033e       0x30 /Users/sreechela/devkitpro/libctru/lib/libctru.a(env.o)
 .ARM.attributes
                0x0000036e       0x30 /Users/sreechela/devkitpro/libctru/lib/libctru.a(os.o)
 .ARM.attributes
                0x0000039e       0x30 /Users/sreechela/devkitpro/libctru/lib/libctru.a(srv.o)
 .ARM.attributes